link linked
link changes
link worker_stack_free
to_host frames
to_host forwarded
to_host invalid
to_host own_mac
to_host link_down
to_host usb_not_ready
to_host ring_full
to_host raced
to_wifi frames
to_wifi queued
to_wifi invalid
to_wifi foreign_mac
to_wifi link_down
to_wifi held
to_wifi resumes
to_wifi sent
to_wifi stale
to_wifi sojourn_drop
to_wifi link_down_queued
to_wifi tx_failed
to_wifi tx_retries
to_wifi last_tx_error
to_wifi queue_depth
to_wifi queue_high_water
to_wifi codel_signals
to_wifi ce_marked
to_wifi codel_drop
to_wifi codel_count
ecn not_ect
ecn capable
ecn ce
ecn exempt
ecn not_ip
ecn syn_setup
ecn synack_accept
rx_class ntbs
rx_class ntb_bytes
rx_class ntb_max_bytes
rx_class datagrams
rx_class dwell_us_sum
rx_class dwell_us_max
rx_class holds
rx_class hold_us_sum
rx_class hold_us_max
usb_ring ring_bytes
usb_ring high_water_slabs
usb_ring enqueued
usb_ring sent
usb_ring dropped_full
usb_ring dropped_link_down
usb_ring flushed_link_down
usb_ring grow_events
usb_ring shrink_events
usb_ring grow_denied_heap
usb_ring grow_denied_largest
usb_ring ring_max_bytes
timing cold_starts
timing cold_us_sum
timing cold_us_max
timing pm_notes
timing pm_note_us_sum
timing pm_note_us_max
timing wait_us_sum
timing wait_us_max
timing tx_us_sum
timing tx_us_max
timing signal_us_sum
timing signal_us_max
timing room_waits
timing room_wait_us_sum
timing room_wait_us_max
wifi_tx installed
wifi_tx tx_done_cb
wifi_tx charged
wifi_tx done
wifi_tx aborted
wifi_tx flushed
wifi_tx stale
wifi_tx unmatched
wifi_tx inflight
wifi_tx high_water
wifi_tx refused_pool
wifi_tx refused_heap
