@@@@ SCENARIO constants LEN 106 @@@@
servers=3 first_retry_ms=30000 max_retry_ms=600000 names=pool.ntp.org,time.cloudflare.com,time.google.com

@@@@ END @@@@
@@@@ SCENARIO backoff_to_ceiling LEN 5585 @@@@
step=0 action=0 synced=0 server=0 restarts=0 backoff_ms=0 next_retry_ms=0 retry_in_ms=0 state=waiting_for_network
step=1 action=0 synced=0 server=0 restarts=0 backoff_ms=30000 next_retry_ms=35000 retry_in_ms=30000 state=syncing
step=2 action=0 synced=0 server=0 restarts=0 backoff_ms=30000 next_retry_ms=35000 retry_in_ms=1 state=syncing
step=3 action=1 synced=0 server=1 restarts=1 backoff_ms=60000 next_retry_ms=95000 retry_in_ms=60000 state=failing
step=4 action=0 synced=0 server=1 restarts=1 backoff_ms=60000 next_retry_ms=95000 retry_in_ms=1 state=failing
step=5 action=1 synced=0 server=2 restarts=2 backoff_ms=120000 next_retry_ms=215000 retry_in_ms=120000 state=failing
step=6 action=0 synced=0 server=2 restarts=2 backoff_ms=120000 next_retry_ms=215000 retry_in_ms=1 state=failing
step=7 action=1 synced=0 server=0 restarts=3 backoff_ms=240000 next_retry_ms=455000 retry_in_ms=240000 state=failing
step=8 action=0 synced=0 server=0 restarts=3 backoff_ms=240000 next_retry_ms=455000 retry_in_ms=1 state=failing
step=9 action=1 synced=0 server=1 restarts=4 backoff_ms=480000 next_retry_ms=935000 retry_in_ms=480000 state=failing
step=10 action=0 synced=0 server=1 restarts=4 backoff_ms=480000 next_retry_ms=935000 retry_in_ms=1 state=failing
step=11 action=1 synced=0 server=2 restarts=5 backoff_ms=600000 next_retry_ms=1535000 retry_in_ms=600000 state=failing
step=12 action=0 synced=0 server=2 restarts=5 backoff_ms=600000 next_retry_ms=1535000 retry_in_ms=1 state=failing
step=13 action=1 synced=0 server=0 restarts=6 backoff_ms=600000 next_retry_ms=2135000 retry_in_ms=600000 state=failing
step=14 action=0 synced=0 server=0 restarts=6 backoff_ms=600000 next_retry_ms=2135000 retry_in_ms=1 state=failing
step=15 action=1 synced=0 server=1 restarts=7 backoff_ms=600000 next_retry_ms=2735000 retry_in_ms=600000 state=failing
step=16 action=0 synced=0 server=1 restarts=7 backoff_ms=600000 next_retry_ms=2735000 retry_in_ms=1 state=failing
step=17 action=1 synced=0 server=2 restarts=8 backoff_ms=600000 next_retry_ms=3335000 retry_in_ms=600000 state=failing
step=18 action=0 synced=0 server=2 restarts=8 backoff_ms=600000 next_retry_ms=3335000 retry_in_ms=1 state=failing
step=19 action=1 synced=0 server=0 restarts=9 backoff_ms=600000 next_retry_ms=3935000 retry_in_ms=600000 state=failing
step=20 action=0 synced=0 server=0 restarts=9 backoff_ms=600000 next_retry_ms=3935000 retry_in_ms=1 state=failing
step=21 action=1 synced=0 server=1 restarts=10 backoff_ms=600000 next_retry_ms=4535000 retry_in_ms=600000 state=failing
step=22 action=0 synced=0 server=1 restarts=10 backoff_ms=600000 next_retry_ms=4535000 retry_in_ms=1 state=failing
step=23 action=1 synced=0 server=2 restarts=11 backoff_ms=600000 next_retry_ms=5135000 retry_in_ms=600000 state=failing
step=24 action=0 synced=0 server=2 restarts=11 backoff_ms=600000 next_retry_ms=5135000 retry_in_ms=1 state=failing
step=25 action=1 synced=0 server=0 restarts=12 backoff_ms=600000 next_retry_ms=5735000 retry_in_ms=600000 state=failing
step=26 action=0 synced=0 server=0 restarts=12 backoff_ms=600000 next_retry_ms=5735000 retry_in_ms=1 state=failing
step=27 action=1 synced=0 server=1 restarts=13 backoff_ms=600000 next_retry_ms=6335000 retry_in_ms=600000 state=failing
step=28 action=0 synced=0 server=1 restarts=13 backoff_ms=600000 next_retry_ms=6335000 retry_in_ms=1 state=failing
step=29 action=1 synced=0 server=2 restarts=14 backoff_ms=600000 next_retry_ms=6935000 retry_in_ms=600000 state=failing
step=30 action=0 synced=0 server=2 restarts=14 backoff_ms=600000 next_retry_ms=6935000 retry_in_ms=1 state=failing
step=31 action=1 synced=0 server=0 restarts=15 backoff_ms=600000 next_retry_ms=7535000 retry_in_ms=600000 state=failing
step=32 action=0 synced=0 server=0 restarts=15 backoff_ms=600000 next_retry_ms=7535000 retry_in_ms=1 state=failing
step=33 action=1 synced=0 server=1 restarts=16 backoff_ms=600000 next_retry_ms=8135000 retry_in_ms=600000 state=failing
step=34 action=0 synced=0 server=1 restarts=16 backoff_ms=600000 next_retry_ms=8135000 retry_in_ms=1 state=failing
step=35 action=1 synced=0 server=2 restarts=17 backoff_ms=600000 next_retry_ms=8735000 retry_in_ms=600000 state=failing
step=36 action=0 synced=0 server=2 restarts=17 backoff_ms=600000 next_retry_ms=8735000 retry_in_ms=1 state=failing
step=37 action=1 synced=0 server=0 restarts=18 backoff_ms=600000 next_retry_ms=9335000 retry_in_ms=600000 state=failing
step=38 action=0 synced=0 server=0 restarts=18 backoff_ms=600000 next_retry_ms=9335000 retry_in_ms=1 state=failing
step=39 action=1 synced=0 server=1 restarts=19 backoff_ms=600000 next_retry_ms=9935000 retry_in_ms=600000 state=failing
step=40 action=0 synced=0 server=1 restarts=19 backoff_ms=600000 next_retry_ms=9935000 retry_in_ms=1 state=failing
step=41 action=1 synced=0 server=2 restarts=20 backoff_ms=600000 next_retry_ms=10535000 retry_in_ms=600000 state=failing
step=42 action=0 synced=0 server=2 restarts=20 backoff_ms=600000 next_retry_ms=10535000 retry_in_ms=1 state=failing
step=43 action=1 synced=0 server=0 restarts=21 backoff_ms=600000 next_retry_ms=11135000 retry_in_ms=600000 state=failing
step=44 action=0 synced=0 server=0 restarts=21 backoff_ms=600000 next_retry_ms=0 retry_in_ms=0 state=waiting_for_network
step=45 action=0 synced=0 server=0 restarts=21 backoff_ms=30000 next_retry_ms=10565002 retry_in_ms=30000 state=failing
step=46 action=0 synced=1 server=0 restarts=21 backoff_ms=0 next_retry_ms=0 retry_in_ms=0 state=synced
step=47 action=0 synced=1 server=0 restarts=21 backoff_ms=30000 next_retry_ms=10565004 retry_in_ms=30000 state=failing

@@@@ END @@@@
@@@@ SCENARIO step_only LEN 431 @@@@
step=0 action=0 synced=0 server=0 restarts=0 backoff_ms=30000 next_retry_ms=30100 retry_in_ms=0 state=syncing
step=1 action=1 synced=0 server=1 restarts=1 backoff_ms=60000 next_retry_ms=90100 retry_in_ms=0 state=failing
step=2 action=0 synced=0 server=1 restarts=1 backoff_ms=60000 next_retry_ms=90100 retry_in_ms=0 state=failing
step=3 action=0 synced=1 server=1 restarts=1 backoff_ms=0 next_retry_ms=0 retry_in_ms=0 state=synced

@@@@ END @@@@
@@@@ SCENARIO uplink_flapping LEN 679 @@@@
step=0 action=0 synced=0 server=1 restarts=2 backoff_ms=30000 next_retry_ms=31000 retry_in_ms=30000 state=failing
step=1 action=0 synced=0 server=1 restarts=2 backoff_ms=30000 next_retry_ms=0 retry_in_ms=0 state=waiting_for_network
step=2 action=0 synced=0 server=1 restarts=2 backoff_ms=30000 next_retry_ms=31002 retry_in_ms=30000 state=failing
step=3 action=1 synced=0 server=2 restarts=3 backoff_ms=60000 next_retry_ms=91002 retry_in_ms=60000 state=failing
step=4 action=0 synced=0 server=2 restarts=3 backoff_ms=60000 next_retry_ms=0 retry_in_ms=0 state=waiting_for_network
step=5 action=0 synced=1 server=2 restarts=3 backoff_ms=0 next_retry_ms=0 retry_in_ms=0 state=synced

@@@@ END @@@@
@@@@ SCENARIO clock_valid_first LEN 215 @@@@
step=0 action=0 synced=1 server=0 restarts=0 backoff_ms=0 next_retry_ms=0 retry_in_ms=0 state=synced
step=1 action=0 synced=1 server=0 restarts=0 backoff_ms=30000 next_retry_ms=30011 retry_in_ms=30000 state=syncing

@@@@ END @@@@
@@@@ SCENARIO huge_times LEN 495 @@@@
step=0 action=0 synced=0 server=0 restarts=0 backoff_ms=30000 next_retry_ms=1099511657776 retry_in_ms=30000 state=syncing
step=1 action=1 synced=0 server=1 restarts=1 backoff_ms=60000 next_retry_ms=1099511717776 retry_in_ms=60000 state=failing
step=2 action=1 synced=0 server=2 restarts=2 backoff_ms=120000 next_retry_ms=1099511837776 retry_in_ms=120000 state=failing
step=3 action=1 synced=0 server=0 restarts=3 backoff_ms=240000 next_retry_ms=1125899907082624 retry_in_ms=240000 state=failing

@@@@ END @@@@
@@@@ SCENARIO backoff_just_below_half LEN 235 @@@@
step=0 action=1 synced=0 server=1 restarts=1 backoff_ms=599998 next_retry_ms=600000 retry_in_ms=599998 state=failing
step=1 action=1 synced=0 server=2 restarts=2 backoff_ms=600000 next_retry_ms=1200000 retry_in_ms=600000 state=failing

@@@@ END @@@@
@@@@ SCENARIO backoff_at_half LEN 117 @@@@
step=0 action=1 synced=0 server=1 restarts=1 backoff_ms=600000 next_retry_ms=600002 retry_in_ms=600000 state=failing

@@@@ END @@@@
@@@@ SCENARIO backoff_huge LEN 238 @@@@
step=0 action=1 synced=0 server=1 restarts=1 backoff_ms=600000 next_retry_ms=600002 retry_in_ms=600000 state=failing
step=1 action=1 synced=0 server=2 restarts=2 backoff_ms=600000 next_retry_ms=1000599999 retry_in_ms=600000 state=failing

@@@@ END @@@@
@@@@ SCENARIO server_wraps LEN 348 @@@@
step=0 action=1 synced=0 server=0 restarts=1 backoff_ms=60000 next_retry_ms=60002 retry_in_ms=60000 state=failing
step=1 action=1 synced=0 server=1 restarts=2 backoff_ms=120000 next_retry_ms=190000 retry_in_ms=120000 state=failing
step=2 action=1 synced=0 server=2 restarts=3 backoff_ms=240000 next_retry_ms=940000 retry_in_ms=240000 state=failing

@@@@ END @@@@
@@@@ SCENARIO server_out_of_range LEN 114 @@@@
step=0 action=1 synced=0 server=1 restarts=1 backoff_ms=60000 next_retry_ms=60002 retry_in_ms=60000 state=failing

@@@@ END @@@@
@@@@ SCENARIO retry_in_truncates LEN 233 @@@@
step=0 action=0 synced=0 server=0 restarts=0 backoff_ms=30000 next_retry_ms=30001 retry_in_ms=30000 state=syncing
step=1 action=1 synced=0 server=1 restarts=1 backoff_ms=60000 next_retry_ms=4295027296 retry_in_ms=60000 state=failing

@@@@ END @@@@
@@@@ SCENARIO states LEN 522 @@@@
restarts=0 valid=0 up=0 state=waiting_for_network
restarts=0 valid=0 up=1 state=syncing
restarts=0 valid=1 up=0 state=synced
restarts=0 valid=1 up=1 state=synced
restarts=1 valid=0 up=0 state=waiting_for_network
restarts=1 valid=0 up=1 state=failing
restarts=1 valid=1 up=0 state=synced
restarts=1 valid=1 up=1 state=synced
restarts=4294967295 valid=0 up=0 state=waiting_for_network
restarts=4294967295 valid=0 up=1 state=failing
restarts=4294967295 valid=1 up=0 state=synced
restarts=4294967295 valid=1 up=1 state=synced

@@@@ END @@@@
