GW_CLOCK_SERVERS=3
GW_CLOCK_FIRST_RETRY_MS=30000
GW_CLOCK_MAX_RETRY_MS=600000
WIFI_LINK_AP_AX=8
WIFI_LINK_AP_B=1
WIFI_LINK_AP_G=2
WIFI_LINK_AP_N=4
WIFI_LINK_JOIN_CONNECTED=0
WIFI_LINK_JOIN_DISCONNECTED=3
WIFI_LINK_JOIN_FAILED=2
WIFI_LINK_JOIN_JOINING=1
WIFI_LINK_JSON_MAX=480
WIFI_LINK_LINE_MAX=380
WIFI_LINK_PHY_11A=3
WIFI_LINK_PHY_11B=1
WIFI_LINK_PHY_11G=2
WIFI_LINK_PHY_COUNT=8
WIFI_LINK_PHY_HE20=6
WIFI_LINK_PHY_HT20=4
WIFI_LINK_PHY_HT40=5
WIFI_LINK_PHY_LR=0
WIFI_LINK_PHY_UNKNOWN=255
WIFI_LINK_PHY_VHT20=7
WIFI_LINK_PS_UNKNOWN=255
WIFI_LINK_REASON_BEACON_TIMEOUT=200
WIFI_LINK_SECOND_UNKNOWN=255
BRIDGE_LINE_MAX=448
CONSOLE_LINE=512
MGMT_CHUNK_MAX=127
STATUS_REPLY=448
WIFI_META_SLOTS=8
TDONGLE_TEMPERATURE_STEP_TENTHS=10
