@@@@ SCENARIO 0 LEN 8 @@@@
0 0 0 0

@@@@ END @@@@
@@@@ SCENARIO 1 LEN 8 @@@@
0 1 0 1

@@@@ END @@@@
@@@@ SCENARIO 2 LEN 8 @@@@
0 0 0 0

@@@@ END @@@@
@@@@ SCENARIO 3 LEN 8 @@@@
1 0 1 0

@@@@ END @@@@
@@@@ SCENARIO 4 LEN 28 @@@@
-1 0 18446744073709551615 0

@@@@ END @@@@
@@@@ SCENARIO 5 LEN 8 @@@@
1 0 1 0

@@@@ END @@@@
@@@@ SCENARIO 6 LEN 8 @@@@
0 0 0 0

@@@@ END @@@@
@@@@ SCENARIO 7 LEN 8 @@@@
7 0 7 0

@@@@ END @@@@
@@@@ SCENARIO 8 LEN 10 @@@@
42 3 42 3

@@@@ END @@@@
@@@@ SCENARIO 9 LEN 10 @@@@
42 0 42 0

@@@@ END @@@@
@@@@ SCENARIO 10 LEN 8 @@@@
7 0 7 0

@@@@ END @@@@
@@@@ SCENARIO 11 LEN 8 @@@@
0 3 0 3

@@@@ END @@@@
@@@@ SCENARIO 12 LEN 8 @@@@
0 3 0 3

@@@@ END @@@@
@@@@ SCENARIO 13 LEN 8 @@@@
0 3 0 3

@@@@ END @@@@
@@@@ SCENARIO 14 LEN 8 @@@@
0 3 0 3

@@@@ END @@@@
@@@@ SCENARIO 15 LEN 8 @@@@
0 3 0 3

@@@@ END @@@@
@@@@ SCENARIO 16 LEN 8 @@@@
0 5 0 5

@@@@ END @@@@
@@@@ SCENARIO 17 LEN 8 @@@@
0 2 0 2

@@@@ END @@@@
@@@@ SCENARIO 18 LEN 8 @@@@
0 3 0 3

@@@@ END @@@@
@@@@ SCENARIO 19 LEN 8 @@@@
1 2 1 2

@@@@ END @@@@
@@@@ SCENARIO 20 LEN 8 @@@@
1 2 1 2

@@@@ END @@@@
@@@@ SCENARIO 21 LEN 26 @@@@
2147483647 0 2147483647 0

@@@@ END @@@@
@@@@ SCENARIO 22 LEN 26 @@@@
2147483648 0 2147483648 0

@@@@ END @@@@
@@@@ SCENARIO 23 LEN 37 @@@@
-2147483648 0 18446744071562067968 0

@@@@ END @@@@
@@@@ SCENARIO 24 LEN 37 @@@@
-2147483649 0 18446744071562067967 0

@@@@ END @@@@
@@@@ SCENARIO 25 LEN 26 @@@@
4294967295 0 4294967295 0

@@@@ END @@@@
@@@@ SCENARIO 26 LEN 26 @@@@
4294967296 0 4294967296 0

@@@@ END @@@@
@@@@ SCENARIO 27 LEN 37 @@@@
-4294967296 0 18446744069414584320 0

@@@@ END @@@@
@@@@ SCENARIO 28 LEN 45 @@@@
9223372036854775807 0 18446744073709551615 0

@@@@ END @@@@
@@@@ SCENARIO 29 LEN 46 @@@@
-9223372036854775808 0 18446744073709551615 0

@@@@ END @@@@
@@@@ SCENARIO 30 LEN 44 @@@@
9223372036854775807 0 9223372036854775807 0

@@@@ END @@@@
@@@@ SCENARIO 31 LEN 44 @@@@
9223372036854775807 0 9223372036854775808 0

@@@@ END @@@@
@@@@ SCENARIO 32 LEN 8 @@@@
1 2 1 2

@@@@ END @@@@
@@@@ SCENARIO 33 LEN 8 @@@@
1 1 1 1

@@@@ END @@@@
@@@@ SCENARIO 34 LEN 8 @@@@
1 1 1 1

@@@@ END @@@@
@@@@ SCENARIO 35 LEN 8 @@@@
0 1 0 1

@@@@ END @@@@
@@@@ SCENARIO 36 LEN 8 @@@@
0 1 0 1

@@@@ END @@@@
@@@@ SCENARIO 37 LEN 8 @@@@
0 2 0 2

@@@@ END @@@@
@@@@ SCENARIO 38 LEN 8 @@@@
1 2 1 2

@@@@ END @@@@
@@@@ SCENARIO 39 LEN 10 @@@@
12 1 12 1

@@@@ END @@@@
@@@@ SCENARIO 40 LEN 8 @@@@
0 2 0 2

@@@@ END @@@@
@@@@ SCENARIO 41 LEN 8 @@@@
3 1 3 1

@@@@ END @@@@
@@@@ SCENARIO 42 LEN 8 @@@@
8 1 8 1

@@@@ END @@@@
@@@@ SCENARIO 43 LEN 10 @@@@
47 7 47 7

@@@@ END @@@@
@@@@ SCENARIO 44 LEN 8 @@@@
0 5 0 5

@@@@ END @@@@
@@@@ SCENARIO 45 LEN 8 @@@@
0 0 0 0

@@@@ END @@@@
@@@@ SCENARIO 46 LEN 12 @@@@
941 0 941 0

@@@@ END @@@@
@@@@ SCENARIO 47 LEN 8 @@@@
1 5 1 5

@@@@ END @@@@
@@@@ SCENARIO 48 LEN 8 @@@@
0 0 0 0

@@@@ END @@@@
@@@@ SCENARIO 49 LEN 8 @@@@
0 0 0 0

@@@@ END @@@@
@@@@ SCENARIO 50 LEN 12 @@@@
211 0 211 0

@@@@ END @@@@
@@@@ SCENARIO 51 LEN 14 @@@@
6221 0 6221 0

@@@@ END @@@@
@@@@ SCENARIO 52 LEN 10 @@@@
85 1 85 1

@@@@ END @@@@
@@@@ SCENARIO 53 LEN 14 @@@@
9104 1 9104 1

@@@@ END @@@@
@@@@ SCENARIO 54 LEN 8 @@@@
5 4 5 4

@@@@ END @@@@
@@@@ SCENARIO 55 LEN 8 @@@@
5 4 5 4

@@@@ END @@@@
@@@@ SCENARIO 56 LEN 8 @@@@
1 6 1 6

@@@@ END @@@@
@@@@ SCENARIO 57 LEN 12 @@@@
978 5 978 5

@@@@ END @@@@
@@@@ SCENARIO 58 LEN 8 @@@@
3 0 3 0

@@@@ END @@@@
@@@@ SCENARIO 59 LEN 8 @@@@
7 6 7 6

@@@@ END @@@@
@@@@ SCENARIO 60 LEN 10 @@@@
75 7 75 7

@@@@ END @@@@
@@@@ SCENARIO 61 LEN 10 @@@@
64 0 64 0

@@@@ END @@@@
@@@@ SCENARIO 62 LEN 14 @@@@
5651 3 5651 3

@@@@ END @@@@
@@@@ SCENARIO 63 LEN 8 @@@@
1 6 1 6

@@@@ END @@@@
@@@@ SCENARIO 64 LEN 8 @@@@
0 4 0 4

@@@@ END @@@@
@@@@ SCENARIO 65 LEN 8 @@@@
0 0 0 0

@@@@ END @@@@
@@@@ SCENARIO 66 LEN 16 @@@@
62009 2 62009 2

@@@@ END @@@@
@@@@ SCENARIO 67 LEN 10 @@@@
70 4 70 4

@@@@ END @@@@
@@@@ SCENARIO 68 LEN 8 @@@@
1 6 1 6

@@@@ END @@@@
@@@@ SCENARIO 69 LEN 8 @@@@
0 4 0 4

@@@@ END @@@@
@@@@ SCENARIO 70 LEN 8 @@@@
1 5 1 5

@@@@ END @@@@
@@@@ SCENARIO 71 LEN 8 @@@@
0 4 0 4

@@@@ END @@@@
@@@@ SCENARIO 72 LEN 12 @@@@
574 1 574 1

@@@@ END @@@@
@@@@ SCENARIO 73 LEN 12 @@@@
561 1 561 1

@@@@ END @@@@
@@@@ SCENARIO 74 LEN 12 @@@@
464 4 464 4

@@@@ END @@@@
@@@@ SCENARIO 75 LEN 16 @@@@
47971 0 47971 0

@@@@ END @@@@
@@@@ SCENARIO 76 LEN 10 @@@@
76 5 76 5

@@@@ END @@@@
@@@@ SCENARIO 77 LEN 8 @@@@
0 5 0 5

@@@@ END @@@@
@@@@ SCENARIO 78 LEN 8 @@@@
0 9 0 9

@@@@ END @@@@
@@@@ SCENARIO 79 LEN 8 @@@@
1 2 1 2

@@@@ END @@@@
@@@@ SCENARIO 80 LEN 8 @@@@
1 2 1 2

@@@@ END @@@@
@@@@ SCENARIO 81 LEN 8 @@@@
6 0 6 0

@@@@ END @@@@
@@@@ SCENARIO 82 LEN 8 @@@@
0 2 0 2

@@@@ END @@@@
@@@@ SCENARIO 83 LEN 8 @@@@
9 6 9 6

@@@@ END @@@@
@@@@ SCENARIO 84 LEN 14 @@@@
7849 0 7849 0

@@@@ END @@@@
@@@@ SCENARIO 85 LEN 8 @@@@
7 0 7 0

@@@@ END @@@@
@@@@ SCENARIO 86 LEN 8 @@@@
0 0 0 0

@@@@ END @@@@
@@@@ SCENARIO 87 LEN 8 @@@@
5 7 5 7

@@@@ END @@@@
@@@@ SCENARIO 88 LEN 10 @@@@
97 4 97 4

@@@@ END @@@@
@@@@ SCENARIO 89 LEN 8 @@@@
0 9 0 9

@@@@ END @@@@
@@@@ SCENARIO 90 LEN 16 @@@@
68993 3 68993 3

@@@@ END @@@@
@@@@ SCENARIO 91 LEN 14 @@@@
8145 2 8145 2

@@@@ END @@@@
@@@@ SCENARIO 92 LEN 10 @@@@
65 3 65 3

@@@@ END @@@@
@@@@ SCENARIO 93 LEN 8 @@@@
0 7 0 7

@@@@ END @@@@
@@@@ SCENARIO 94 LEN 8 @@@@
0 6 0 6

@@@@ END @@@@
@@@@ SCENARIO 95 LEN 8 @@@@
0 3 0 3

@@@@ END @@@@
@@@@ SCENARIO 96 LEN 8 @@@@
5 3 5 3

@@@@ END @@@@
@@@@ SCENARIO 97 LEN 8 @@@@
0 9 0 9

@@@@ END @@@@
@@@@ SCENARIO 98 LEN 12 @@@@
770 4 770 4

@@@@ END @@@@
@@@@ SCENARIO 99 LEN 8 @@@@
2 0 2 0

@@@@ END @@@@
@@@@ SCENARIO 100 LEN 8 @@@@
0 0 0 0

@@@@ END @@@@
@@@@ SCENARIO 101 LEN 8 @@@@
9 5 9 5

@@@@ END @@@@
@@@@ SCENARIO 102 LEN 8 @@@@
0 4 0 4

@@@@ END @@@@
@@@@ SCENARIO 103 LEN 8 @@@@
5 5 5 5

@@@@ END @@@@
@@@@ SCENARIO 104 LEN 8 @@@@
0 8 0 8

@@@@ END @@@@
@@@@ SCENARIO 105 LEN 8 @@@@
0 1 0 1

@@@@ END @@@@
@@@@ SCENARIO 106 LEN 8 @@@@
0 0 0 0

@@@@ END @@@@
@@@@ SCENARIO 107 LEN 8 @@@@
9 4 9 4

@@@@ END @@@@
@@@@ SCENARIO 108 LEN 8 @@@@
0 1 0 1

@@@@ END @@@@
@@@@ SCENARIO 109 LEN 28 @@@@
-5 0 18446744073709551611 0

@@@@ END @@@@
@@@@ SCENARIO 110 LEN 14 @@@@
1191 2 1191 2

@@@@ END @@@@
@@@@ SCENARIO 111 LEN 8 @@@@
0 0 0 0

@@@@ END @@@@
@@@@ SCENARIO 112 LEN 28 @@@@
-8 6 18446744073709551608 6

@@@@ END @@@@
@@@@ SCENARIO 113 LEN 8 @@@@
0 0 0 0

@@@@ END @@@@
@@@@ SCENARIO 114 LEN 8 @@@@
6 4 6 4

@@@@ END @@@@
@@@@ SCENARIO 115 LEN 8 @@@@
0 0 0 0

@@@@ END @@@@
@@@@ SCENARIO 116 LEN 10 @@@@
50 0 50 0

@@@@ END @@@@
@@@@ SCENARIO 117 LEN 8 @@@@
0 9 0 9

@@@@ END @@@@
@@@@ SCENARIO 118 LEN 10 @@@@
37 0 37 0

@@@@ END @@@@
@@@@ SCENARIO 119 LEN 12 @@@@
810 4 810 4

@@@@ END @@@@
@@@@ SCENARIO 120 LEN 8 @@@@
0 1 0 1

@@@@ END @@@@
@@@@ SCENARIO 121 LEN 8 @@@@
0 8 0 8

@@@@ END @@@@
@@@@ SCENARIO 122 LEN 8 @@@@
0 0 0 0

@@@@ END @@@@
@@@@ SCENARIO 123 LEN 8 @@@@
8 7 8 7

@@@@ END @@@@
@@@@ SCENARIO 124 LEN 10 @@@@
87 0 87 0

@@@@ END @@@@
@@@@ SCENARIO 125 LEN 12 @@@@
567 0 567 0

@@@@ END @@@@
@@@@ SCENARIO 126 LEN 18 @@@@
807597 0 807597 0

@@@@ END @@@@
@@@@ SCENARIO 127 LEN 12 @@@@
218 4 218 4

@@@@ END @@@@
@@@@ SCENARIO 128 LEN 10 @@@@
22 0 22 0

@@@@ END @@@@
@@@@ SCENARIO 129 LEN 8 @@@@
0 0 0 0

@@@@ END @@@@
@@@@ SCENARIO 130 LEN 8 @@@@
0 7 0 7

@@@@ END @@@@
@@@@ SCENARIO 131 LEN 8 @@@@
0 5 0 5

@@@@ END @@@@
@@@@ SCENARIO 132 LEN 8 @@@@
7 0 7 0

@@@@ END @@@@
@@@@ SCENARIO 133 LEN 8 @@@@
0 6 0 6

@@@@ END @@@@
@@@@ SCENARIO 134 LEN 8 @@@@
3 3 3 3

@@@@ END @@@@
@@@@ SCENARIO 135 LEN 10 @@@@
76 3 76 3

@@@@ END @@@@
@@@@ SCENARIO 136 LEN 8 @@@@
0 6 0 6

@@@@ END @@@@
@@@@ SCENARIO 137 LEN 8 @@@@
0 0 0 0

@@@@ END @@@@
@@@@ SCENARIO 138 LEN 8 @@@@
3 1 3 1

@@@@ END @@@@
@@@@ SCENARIO 139 LEN 14 @@@@
8751 5 8751 5

@@@@ END @@@@
@@@@ SCENARIO 140 LEN 10 @@@@
31 0 31 0

@@@@ END @@@@
@@@@ SCENARIO 141 LEN 10 @@@@
94 0 94 0

@@@@ END @@@@
@@@@ SCENARIO 142 LEN 8 @@@@
0 0 0 0

@@@@ END @@@@
@@@@ SCENARIO 143 LEN 8 @@@@
0 7 0 7

@@@@ END @@@@
@@@@ SCENARIO 144 LEN 8 @@@@
7 8 7 8

@@@@ END @@@@
@@@@ SCENARIO 145 LEN 8 @@@@
0 0 0 0

@@@@ END @@@@
@@@@ SCENARIO 146 LEN 8 @@@@
8 6 8 6

@@@@ END @@@@
@@@@ SCENARIO 147 LEN 8 @@@@
0 0 0 0

@@@@ END @@@@
@@@@ SCENARIO 148 LEN 8 @@@@
0 0 0 0

@@@@ END @@@@
@@@@ SCENARIO 149 LEN 8 @@@@
1 2 1 2

@@@@ END @@@@
@@@@ SCENARIO 150 LEN 8 @@@@
3 2 3 2

@@@@ END @@@@
@@@@ SCENARIO 151 LEN 8 @@@@
0 1 0 1

@@@@ END @@@@
@@@@ SCENARIO 152 LEN 8 @@@@
1 7 1 7

@@@@ END @@@@
@@@@ SCENARIO 153 LEN 8 @@@@
8 8 8 8

@@@@ END @@@@
@@@@ SCENARIO 154 LEN 8 @@@@
0 4 0 4

@@@@ END @@@@
@@@@ SCENARIO 155 LEN 8 @@@@
0 3 0 3

@@@@ END @@@@
@@@@ SCENARIO 156 LEN 8 @@@@
9 0 9 0

@@@@ END @@@@
@@@@ SCENARIO 157 LEN 10 @@@@
34 7 34 7

@@@@ END @@@@
@@@@ SCENARIO 158 LEN 8 @@@@
0 1 0 1

@@@@ END @@@@
@@@@ SCENARIO 159 LEN 10 @@@@
68 4 68 4

@@@@ END @@@@
@@@@ SCENARIO 160 LEN 8 @@@@
0 6 0 6

@@@@ END @@@@
@@@@ SCENARIO 161 LEN 8 @@@@
6 6 6 6

@@@@ END @@@@
@@@@ SCENARIO 162 LEN 8 @@@@
5 4 5 4

@@@@ END @@@@
@@@@ SCENARIO 163 LEN 8 @@@@
0 1 0 1

@@@@ END @@@@
@@@@ SCENARIO 164 LEN 10 @@@@
79 0 79 0

@@@@ END @@@@
@@@@ SCENARIO 165 LEN 8 @@@@
3 2 3 2

@@@@ END @@@@
@@@@ SCENARIO 166 LEN 10 @@@@
72 0 72 0

@@@@ END @@@@
@@@@ SCENARIO 167 LEN 8 @@@@
7 4 7 4

@@@@ END @@@@
@@@@ SCENARIO 168 LEN 8 @@@@
0 4 0 4

@@@@ END @@@@
@@@@ SCENARIO 169 LEN 8 @@@@
9 5 9 5

@@@@ END @@@@
@@@@ SCENARIO 170 LEN 10 @@@@
91 5 91 5

@@@@ END @@@@
@@@@ SCENARIO 171 LEN 28 @@@@
-9 5 18446744073709551607 5

@@@@ END @@@@
@@@@ SCENARIO 172 LEN 10 @@@@
78 5 78 5

@@@@ END @@@@
@@@@ SCENARIO 173 LEN 8 @@@@
0 4 0 4

@@@@ END @@@@
@@@@ SCENARIO 174 LEN 8 @@@@
3 4 3 4

@@@@ END @@@@
@@@@ SCENARIO 175 LEN 8 @@@@
3 0 3 0

@@@@ END @@@@
@@@@ SCENARIO 176 LEN 8 @@@@
8 6 8 6

@@@@ END @@@@
@@@@ SCENARIO 177 LEN 8 @@@@
6 2 6 2

@@@@ END @@@@
@@@@ SCENARIO 178 LEN 10 @@@@
28 5 28 5

@@@@ END @@@@
@@@@ SCENARIO 179 LEN 8 @@@@
0 0 0 0

@@@@ END @@@@
@@@@ SCENARIO 180 LEN 8 @@@@
5 3 5 3

@@@@ END @@@@
@@@@ SCENARIO 181 LEN 8 @@@@
8 6 8 6

@@@@ END @@@@
@@@@ SCENARIO 182 LEN 12 @@@@
255 5 255 5

@@@@ END @@@@
@@@@ SCENARIO 183 LEN 10 @@@@
43 1 43 1

@@@@ END @@@@
@@@@ SCENARIO 184 LEN 8 @@@@
0 0 0 0

@@@@ END @@@@
@@@@ SCENARIO 185 LEN 8 @@@@
5 0 5 0

@@@@ END @@@@
@@@@ SCENARIO 186 LEN 8 @@@@
2 4 2 4

@@@@ END @@@@
@@@@ SCENARIO 187 LEN 12 @@@@
698 0 698 0

@@@@ END @@@@
@@@@ SCENARIO 188 LEN 8 @@@@
0 0 0 0

@@@@ END @@@@
@@@@ SCENARIO 189 LEN 10 @@@@
81 4 81 4

@@@@ END @@@@
@@@@ SCENARIO 190 LEN 29 @@@@
-73 2 18446744073709551543 2

@@@@ END @@@@
@@@@ SCENARIO 191 LEN 10 @@@@
54 2 54 2

@@@@ END @@@@
@@@@ SCENARIO 192 LEN 8 @@@@
9 0 9 0

@@@@ END @@@@
@@@@ SCENARIO 193 LEN 8 @@@@
3 1 3 1

@@@@ END @@@@
@@@@ SCENARIO 194 LEN 14 @@@@
9939 5 9939 5

@@@@ END @@@@
@@@@ SCENARIO 195 LEN 12 @@@@
619 0 619 0

@@@@ END @@@@
@@@@ SCENARIO 196 LEN 8 @@@@
0 0 0 0

@@@@ END @@@@
@@@@ SCENARIO 197 LEN 28 @@@@
-5 0 18446744073709551611 0

@@@@ END @@@@
@@@@ SCENARIO 198 LEN 14 @@@@
1926 5 1926 5

@@@@ END @@@@
@@@@ SCENARIO 199 LEN 8 @@@@
0 2 0 2

@@@@ END @@@@
@@@@ SCENARIO 200 LEN 8 @@@@
2 4 2 4

@@@@ END @@@@
@@@@ SCENARIO 201 LEN 8 @@@@
0 1 0 1

@@@@ END @@@@
@@@@ SCENARIO 202 LEN 8 @@@@
1 2 1 2

@@@@ END @@@@
@@@@ SCENARIO 203 LEN 8 @@@@
7 3 7 3

@@@@ END @@@@
@@@@ SCENARIO 204 LEN 28 @@@@
-7 0 18446744073709551609 0

@@@@ END @@@@
@@@@ SCENARIO 205 LEN 8 @@@@
0 1 0 1

@@@@ END @@@@
@@@@ SCENARIO 206 LEN 12 @@@@
267 0 267 0

@@@@ END @@@@
@@@@ SCENARIO 207 LEN 8 @@@@
0 2 0 2

@@@@ END @@@@
@@@@ SCENARIO 208 LEN 8 @@@@
8 2 8 2

@@@@ END @@@@
@@@@ SCENARIO 209 LEN 8 @@@@
0 0 0 0

@@@@ END @@@@
@@@@ SCENARIO 210 LEN 8 @@@@
7 0 7 0

@@@@ END @@@@
@@@@ SCENARIO 211 LEN 8 @@@@
0 2 0 2

@@@@ END @@@@
@@@@ SCENARIO 212 LEN 8 @@@@
6 5 6 5

@@@@ END @@@@
@@@@ SCENARIO 213 LEN 18 @@@@
726805 1 726805 1

@@@@ END @@@@
@@@@ SCENARIO 214 LEN 8 @@@@
0 1 0 1

@@@@ END @@@@
@@@@ SCENARIO 215 LEN 10 @@@@
96 2 96 2

@@@@ END @@@@
@@@@ SCENARIO 216 LEN 14 @@@@
3934 1 3934 1

@@@@ END @@@@
@@@@ SCENARIO 217 LEN 8 @@@@
4 1 4 1

@@@@ END @@@@
@@@@ SCENARIO 218 LEN 8 @@@@
0 8 0 8

@@@@ END @@@@
@@@@ SCENARIO 219 LEN 8 @@@@
0 2 0 2

@@@@ END @@@@
@@@@ SCENARIO 220 LEN 8 @@@@
7 1 7 1

@@@@ END @@@@
@@@@ SCENARIO 221 LEN 8 @@@@
0 0 0 0

@@@@ END @@@@
@@@@ SCENARIO 222 LEN 8 @@@@
0 4 0 4

@@@@ END @@@@
@@@@ SCENARIO 223 LEN 8 @@@@
0 0 0 0

@@@@ END @@@@
@@@@ SCENARIO 224 LEN 8 @@@@
2 2 2 2

@@@@ END @@@@
@@@@ SCENARIO 225 LEN 8 @@@@
0 7 0 7

@@@@ END @@@@
@@@@ SCENARIO 226 LEN 8 @@@@
8 1 8 1

@@@@ END @@@@
@@@@ SCENARIO 227 LEN 8 @@@@
2 4 2 4

@@@@ END @@@@
@@@@ SCENARIO 228 LEN 16 @@@@
16052 0 16052 0

@@@@ END @@@@
@@@@ SCENARIO 229 LEN 16 @@@@
72892 0 72892 0

@@@@ END @@@@
@@@@ SCENARIO 230 LEN 8 @@@@
0 3 0 3

@@@@ END @@@@
@@@@ SCENARIO 231 LEN 8 @@@@
0 0 0 0

@@@@ END @@@@
@@@@ SCENARIO 232 LEN 8 @@@@
1 0 1 0

@@@@ END @@@@
@@@@ SCENARIO 233 LEN 8 @@@@
0 7 0 7

@@@@ END @@@@
@@@@ SCENARIO 234 LEN 8 @@@@
0 0 0 0

@@@@ END @@@@
@@@@ SCENARIO 235 LEN 8 @@@@
6 6 6 6

@@@@ END @@@@
@@@@ SCENARIO 236 LEN 10 @@@@
19 5 19 5

@@@@ END @@@@
@@@@ SCENARIO 237 LEN 8 @@@@
5 1 5 1

@@@@ END @@@@
@@@@ SCENARIO 238 LEN 8 @@@@
5 6 5 6

@@@@ END @@@@
@@@@ SCENARIO 239 LEN 8 @@@@
0 7 0 7

@@@@ END @@@@
@@@@ SCENARIO 240 LEN 8 @@@@
3 1 3 1

@@@@ END @@@@
@@@@ SCENARIO 241 LEN 8 @@@@
0 0 0 0

@@@@ END @@@@
@@@@ SCENARIO 242 LEN 8 @@@@
0 0 0 0

@@@@ END @@@@
@@@@ SCENARIO 243 LEN 8 @@@@
0 0 0 0

@@@@ END @@@@
@@@@ SCENARIO 244 LEN 10 @@@@
93 1 93 1

@@@@ END @@@@
@@@@ SCENARIO 245 LEN 10 @@@@
35 7 35 7

@@@@ END @@@@
@@@@ SCENARIO 246 LEN 8 @@@@
5 7 5 7

@@@@ END @@@@
@@@@ SCENARIO 247 LEN 14 @@@@
8851 5 8851 5

@@@@ END @@@@
@@@@ SCENARIO 248 LEN 8 @@@@
8 8 8 8

@@@@ END @@@@
@@@@ SCENARIO 249 LEN 8 @@@@
0 1 0 1

@@@@ END @@@@
@@@@ SCENARIO 250 LEN 8 @@@@
0 0 0 0

@@@@ END @@@@
@@@@ SCENARIO 251 LEN 8 @@@@
2 8 2 8

@@@@ END @@@@
@@@@ SCENARIO 252 LEN 10 @@@@
44 3 44 3

@@@@ END @@@@
@@@@ SCENARIO 253 LEN 8 @@@@
4 3 4 3

@@@@ END @@@@
@@@@ SCENARIO 254 LEN 10 @@@@
34 0 34 0

@@@@ END @@@@
@@@@ SCENARIO 255 LEN 8 @@@@
0 9 0 9

@@@@ END @@@@
@@@@ SCENARIO 256 LEN 8 @@@@
0 9 0 9

@@@@ END @@@@
@@@@ SCENARIO 257 LEN 8 @@@@
0 8 0 8

@@@@ END @@@@
@@@@ SCENARIO 258 LEN 8 @@@@
4 6 4 6

@@@@ END @@@@
@@@@ SCENARIO 259 LEN 8 @@@@
6 2 6 2

@@@@ END @@@@
@@@@ SCENARIO 260 LEN 18 @@@@
802462 1 802462 1

@@@@ END @@@@
@@@@ SCENARIO 261 LEN 8 @@@@
0 0 0 0

@@@@ END @@@@
@@@@ SCENARIO 262 LEN 8 @@@@
9 3 9 3

@@@@ END @@@@
@@@@ SCENARIO 263 LEN 10 @@@@
20 0 20 0

@@@@ END @@@@
@@@@ SCENARIO 264 LEN 8 @@@@
1 6 1 6

@@@@ END @@@@
@@@@ SCENARIO 265 LEN 8 @@@@
0 4 0 4

@@@@ END @@@@
@@@@ SCENARIO 266 LEN 10 @@@@
94 0 94 0

@@@@ END @@@@
@@@@ SCENARIO 267 LEN 8 @@@@
5 4 5 4

@@@@ END @@@@
@@@@ SCENARIO 268 LEN 8 @@@@
0 5 0 5

@@@@ END @@@@
@@@@ SCENARIO 269 LEN 8 @@@@
6 0 6 0

@@@@ END @@@@
@@@@ SCENARIO 270 LEN 8 @@@@
0 1 0 1

@@@@ END @@@@
@@@@ SCENARIO 271 LEN 8 @@@@
1 3 1 3

@@@@ END @@@@
@@@@ SCENARIO 272 LEN 8 @@@@
4 4 4 4

@@@@ END @@@@
@@@@ SCENARIO 273 LEN 12 @@@@
569 0 569 0

@@@@ END @@@@
@@@@ SCENARIO 274 LEN 8 @@@@
0 6 0 6

@@@@ END @@@@
@@@@ SCENARIO 275 LEN 8 @@@@
0 1 0 1

@@@@ END @@@@
@@@@ SCENARIO 276 LEN 8 @@@@
0 6 0 6

@@@@ END @@@@
@@@@ SCENARIO 277 LEN 8 @@@@
0 0 0 0

@@@@ END @@@@
@@@@ SCENARIO 278 LEN 8 @@@@
5 8 5 8

@@@@ END @@@@
@@@@ SCENARIO 279 LEN 8 @@@@
3 1 3 1

@@@@ END @@@@
@@@@ SCENARIO 280 LEN 8 @@@@
0 9 0 9

@@@@ END @@@@
@@@@ SCENARIO 281 LEN 8 @@@@
0 0 0 0

@@@@ END @@@@
@@@@ SCENARIO 282 LEN 8 @@@@
0 3 0 3

@@@@ END @@@@
@@@@ SCENARIO 283 LEN 10 @@@@
26 0 26 0

@@@@ END @@@@
@@@@ SCENARIO 284 LEN 8 @@@@
5 5 5 5

@@@@ END @@@@
@@@@ SCENARIO 285 LEN 12 @@@@
514 1 514 1

@@@@ END @@@@
@@@@ SCENARIO 286 LEN 8 @@@@
8 6 8 6

@@@@ END @@@@
@@@@ SCENARIO 287 LEN 10 @@@@
31 0 31 0

@@@@ END @@@@
@@@@ SCENARIO 288 LEN 8 @@@@
0 1 0 1

@@@@ END @@@@
@@@@ SCENARIO 289 LEN 8 @@@@
0 4 0 4

@@@@ END @@@@
@@@@ SCENARIO 290 LEN 10 @@@@
47 2 47 2

@@@@ END @@@@
@@@@ SCENARIO 291 LEN 8 @@@@
6 1 6 1

@@@@ END @@@@
@@@@ SCENARIO 292 LEN 8 @@@@
0 7 0 7

@@@@ END @@@@
@@@@ SCENARIO 293 LEN 18 @@@@
597052 0 597052 0

@@@@ END @@@@
@@@@ SCENARIO 294 LEN 8 @@@@
0 0 0 0

@@@@ END @@@@
@@@@ SCENARIO 295 LEN 8 @@@@
0 0 0 0

@@@@ END @@@@
@@@@ SCENARIO 296 LEN 16 @@@@
15959 2 15959 2

@@@@ END @@@@
@@@@ SCENARIO 297 LEN 8 @@@@
0 8 0 8

@@@@ END @@@@
@@@@ SCENARIO 298 LEN 8 @@@@
3 3 3 3

@@@@ END @@@@
@@@@ SCENARIO 299 LEN 10 @@@@
11 1 11 1

@@@@ END @@@@
@@@@ SCENARIO 300 LEN 8 @@@@
8 2 8 2

@@@@ END @@@@
@@@@ SCENARIO 301 LEN 10 @@@@
34 4 34 4

@@@@ END @@@@
@@@@ SCENARIO 302 LEN 14 @@@@
7953 4 7953 4

@@@@ END @@@@
@@@@ SCENARIO 303 LEN 8 @@@@
0 4 0 4

@@@@ END @@@@
@@@@ SCENARIO 304 LEN 8 @@@@
0 0 0 0

@@@@ END @@@@
@@@@ SCENARIO 305 LEN 10 @@@@
22 4 22 4

@@@@ END @@@@
@@@@ SCENARIO 306 LEN 8 @@@@
0 7 0 7

@@@@ END @@@@
@@@@ SCENARIO 307 LEN 8 @@@@
0 0 0 0

@@@@ END @@@@
@@@@ SCENARIO 308 LEN 8 @@@@
0 7 0 7

@@@@ END @@@@
@@@@ SCENARIO 309 LEN 8 @@@@
1 0 1 0

@@@@ END @@@@
@@@@ SCENARIO 310 LEN 8 @@@@
8 2 8 2

@@@@ END @@@@
@@@@ SCENARIO 311 LEN 16 @@@@
52881 0 52881 0

@@@@ END @@@@
@@@@ SCENARIO 312 LEN 8 @@@@
8 0 8 0

@@@@ END @@@@
@@@@ SCENARIO 313 LEN 12 @@@@
208 0 208 0

@@@@ END @@@@
@@@@ SCENARIO 314 LEN 8 @@@@
9 5 9 5

@@@@ END @@@@
@@@@ SCENARIO 315 LEN 12 @@@@
399 0 399 0

@@@@ END @@@@
@@@@ SCENARIO 316 LEN 8 @@@@
0 8 0 8

@@@@ END @@@@
@@@@ SCENARIO 317 LEN 31 @@@@
-9705 0 18446744073709541911 0

@@@@ END @@@@
@@@@ SCENARIO 318 LEN 8 @@@@
0 0 0 0

@@@@ END @@@@
@@@@ SCENARIO 319 LEN 8 @@@@
0 6 0 6

@@@@ END @@@@
@@@@ SCENARIO 320 LEN 8 @@@@
7 1 7 1

@@@@ END @@@@
@@@@ SCENARIO 321 LEN 8 @@@@
0 0 0 0

@@@@ END @@@@
@@@@ SCENARIO 322 LEN 8 @@@@
7 8 7 8

@@@@ END @@@@
@@@@ SCENARIO 323 LEN 8 @@@@
0 8 0 8

@@@@ END @@@@
@@@@ SCENARIO 324 LEN 8 @@@@
0 8 0 8

@@@@ END @@@@
@@@@ SCENARIO 325 LEN 10 @@@@
67 0 67 0

@@@@ END @@@@
@@@@ SCENARIO 326 LEN 8 @@@@
0 0 0 0

@@@@ END @@@@
@@@@ SCENARIO 327 LEN 8 @@@@
0 4 0 4

@@@@ END @@@@
@@@@ SCENARIO 328 LEN 8 @@@@
0 0 0 0

@@@@ END @@@@
@@@@ SCENARIO 329 LEN 8 @@@@
0 7 0 7

@@@@ END @@@@
@@@@ SCENARIO 330 LEN 8 @@@@
0 4 0 4

@@@@ END @@@@
@@@@ SCENARIO 331 LEN 8 @@@@
5 2 5 2

@@@@ END @@@@
@@@@ SCENARIO 332 LEN 8 @@@@
9 3 9 3

@@@@ END @@@@
@@@@ SCENARIO 333 LEN 12 @@@@
627 2 627 2

@@@@ END @@@@
@@@@ SCENARIO 334 LEN 8 @@@@
0 5 0 5

@@@@ END @@@@
@@@@ SCENARIO 335 LEN 8 @@@@
0 0 0 0

@@@@ END @@@@
@@@@ SCENARIO 336 LEN 14 @@@@
3554 5 3554 5

@@@@ END @@@@
@@@@ SCENARIO 337 LEN 8 @@@@
0 8 0 8

@@@@ END @@@@
@@@@ SCENARIO 338 LEN 8 @@@@
0 2 0 2

@@@@ END @@@@
@@@@ SCENARIO 339 LEN 12 @@@@
579 1 579 1

@@@@ END @@@@
@@@@ SCENARIO 340 LEN 8 @@@@
0 2 0 2

@@@@ END @@@@
@@@@ SCENARIO 341 LEN 8 @@@@
5 1 5 1

@@@@ END @@@@
@@@@ SCENARIO 342 LEN 8 @@@@
0 9 0 9

@@@@ END @@@@
@@@@ SCENARIO 343 LEN 8 @@@@
0 0 0 0

@@@@ END @@@@
@@@@ SCENARIO 344 LEN 8 @@@@
0 6 0 6

@@@@ END @@@@
@@@@ SCENARIO 345 LEN 8 @@@@
8 8 8 8

@@@@ END @@@@
@@@@ SCENARIO 346 LEN 8 @@@@
0 1 0 1

@@@@ END @@@@
@@@@ SCENARIO 347 LEN 10 @@@@
76 2 76 2

@@@@ END @@@@
@@@@ SCENARIO 348 LEN 8 @@@@
0 6 0 6

@@@@ END @@@@
@@@@ SCENARIO 349 LEN 12 @@@@
119 1 119 1

@@@@ END @@@@
@@@@ SCENARIO 350 LEN 16 @@@@
64209 1 64209 1

@@@@ END @@@@
@@@@ SCENARIO 351 LEN 29 @@@@
-58 4 18446744073709551558 4

@@@@ END @@@@
@@@@ SCENARIO 352 LEN 8 @@@@
0 3 0 3

@@@@ END @@@@
@@@@ SCENARIO 353 LEN 8 @@@@
5 0 5 0

@@@@ END @@@@
@@@@ SCENARIO 354 LEN 8 @@@@
6 0 6 0

@@@@ END @@@@
@@@@ SCENARIO 355 LEN 10 @@@@
71 3 71 3

@@@@ END @@@@
@@@@ SCENARIO 356 LEN 8 @@@@
4 5 4 5

@@@@ END @@@@
@@@@ SCENARIO 357 LEN 12 @@@@
637 2 637 2

@@@@ END @@@@
@@@@ SCENARIO 358 LEN 8 @@@@
0 0 0 0

@@@@ END @@@@
@@@@ SCENARIO 359 LEN 8 @@@@
2 0 2 0

@@@@ END @@@@
@@@@ SCENARIO 360 LEN 8 @@@@
5 0 5 0

@@@@ END @@@@
@@@@ SCENARIO 361 LEN 8 @@@@
3 0 3 0

@@@@ END @@@@
@@@@ SCENARIO 362 LEN 8 @@@@
0 1 0 1

@@@@ END @@@@
@@@@ SCENARIO 363 LEN 20 @@@@
7649145 2 7649145 2

@@@@ END @@@@
@@@@ SCENARIO 364 LEN 8 @@@@
3 1 3 1

@@@@ END @@@@
@@@@ SCENARIO 365 LEN 8 @@@@
0 0 0 0

@@@@ END @@@@
@@@@ SCENARIO 366 LEN 8 @@@@
0 4 0 4

@@@@ END @@@@
@@@@ SCENARIO 367 LEN 28 @@@@
-5 4 18446744073709551611 4

@@@@ END @@@@
@@@@ SCENARIO 368 LEN 8 @@@@
0 6 0 6

@@@@ END @@@@
@@@@ SCENARIO 369 LEN 8 @@@@
0 9 0 9

@@@@ END @@@@
@@@@ SCENARIO 370 LEN 8 @@@@
5 2 5 2

@@@@ END @@@@
@@@@ SCENARIO 371 LEN 8 @@@@
0 0 0 0

@@@@ END @@@@
@@@@ SCENARIO 372 LEN 10 @@@@
23 7 23 7

@@@@ END @@@@
@@@@ SCENARIO 373 LEN 16 @@@@
25021 4 25021 4

@@@@ END @@@@
@@@@ SCENARIO 374 LEN 8 @@@@
4 3 4 3

@@@@ END @@@@
@@@@ SCENARIO 375 LEN 28 @@@@
-7 6 18446744073709551609 6

@@@@ END @@@@
@@@@ SCENARIO 376 LEN 14 @@@@
1584 5 1584 5

@@@@ END @@@@
@@@@ SCENARIO 377 LEN 8 @@@@
2 7 2 7

@@@@ END @@@@
@@@@ SCENARIO 378 LEN 14 @@@@
1484 0 1484 0

@@@@ END @@@@
@@@@ SCENARIO 379 LEN 8 @@@@
7 0 7 0

@@@@ END @@@@
@@@@ SCENARIO 380 LEN 28 @@@@
-3 2 18446744073709551613 2

@@@@ END @@@@
@@@@ SCENARIO 381 LEN 8 @@@@
8 3 8 3

@@@@ END @@@@
@@@@ SCENARIO 382 LEN 8 @@@@
8 6 8 6

@@@@ END @@@@
@@@@ SCENARIO 383 LEN 8 @@@@
2 7 2 7

@@@@ END @@@@
@@@@ SCENARIO 384 LEN 12 @@@@
183 6 183 6

@@@@ END @@@@
@@@@ SCENARIO 385 LEN 8 @@@@
1 7 1 7

@@@@ END @@@@
@@@@ SCENARIO 386 LEN 8 @@@@
0 2 0 2

@@@@ END @@@@
@@@@ SCENARIO 387 LEN 8 @@@@
0 7 0 7

@@@@ END @@@@
@@@@ SCENARIO 388 LEN 8 @@@@
0 0 0 0

@@@@ END @@@@
@@@@ SCENARIO 389 LEN 8 @@@@
9 0 9 0

@@@@ END @@@@
@@@@ SCENARIO 390 LEN 8 @@@@
1 6 1 6

@@@@ END @@@@
@@@@ SCENARIO 391 LEN 8 @@@@
1 2 1 2

@@@@ END @@@@
@@@@ SCENARIO 392 LEN 8 @@@@
6 6 6 6

@@@@ END @@@@
@@@@ SCENARIO 393 LEN 12 @@@@
445 0 445 0

@@@@ END @@@@
@@@@ SCENARIO 394 LEN 8 @@@@
3 2 3 2

@@@@ END @@@@
@@@@ SCENARIO 395 LEN 8 @@@@
0 9 0 9

@@@@ END @@@@
@@@@ SCENARIO 396 LEN 8 @@@@
0 0 0 0

@@@@ END @@@@
@@@@ SCENARIO 397 LEN 30 @@@@
-365 0 18446744073709551251 0

@@@@ END @@@@
@@@@ SCENARIO 398 LEN 12 @@@@
735 0 735 0

@@@@ END @@@@
@@@@ SCENARIO 399 LEN 8 @@@@
0 1 0 1

@@@@ END @@@@
@@@@ SCENARIO 400 LEN 8 @@@@
0 4 0 4

@@@@ END @@@@
@@@@ SCENARIO 401 LEN 8 @@@@
0 2 0 2

@@@@ END @@@@
@@@@ SCENARIO 402 LEN 18 @@@@
503661 1 503661 1

@@@@ END @@@@
@@@@ SCENARIO 403 LEN 10 @@@@
98 4 98 4

@@@@ END @@@@
@@@@ SCENARIO 404 LEN 8 @@@@
0 6 0 6

@@@@ END @@@@
@@@@ SCENARIO 405 LEN 8 @@@@
7 0 7 0

@@@@ END @@@@
@@@@ SCENARIO 406 LEN 10 @@@@
54 6 54 6

@@@@ END @@@@
@@@@ SCENARIO 407 LEN 8 @@@@
5 6 5 6

@@@@ END @@@@
@@@@ SCENARIO 408 LEN 8 @@@@
0 6 0 6

@@@@ END @@@@
@@@@ SCENARIO 409 LEN 8 @@@@
0 3 0 3

@@@@ END @@@@
@@@@ SCENARIO 410 LEN 10 @@@@
20 3 20 3

@@@@ END @@@@
@@@@ SCENARIO 411 LEN 10 @@@@
89 7 89 7

@@@@ END @@@@
@@@@ SCENARIO 412 LEN 8 @@@@
3 2 3 2

@@@@ END @@@@
@@@@ SCENARIO 413 LEN 8 @@@@
4 2 4 2

@@@@ END @@@@
@@@@ SCENARIO 414 LEN 8 @@@@
0 6 0 6

@@@@ END @@@@
@@@@ SCENARIO 415 LEN 8 @@@@
0 6 0 6

@@@@ END @@@@
@@@@ SCENARIO 416 LEN 12 @@@@
913 5 913 5

@@@@ END @@@@
@@@@ SCENARIO 417 LEN 8 @@@@
0 5 0 5

@@@@ END @@@@
@@@@ SCENARIO 418 LEN 12 @@@@
673 4 673 4

@@@@ END @@@@
@@@@ SCENARIO 419 LEN 8 @@@@
0 4 0 4

@@@@ END @@@@
@@@@ SCENARIO 420 LEN 12 @@@@
138 2 138 2

@@@@ END @@@@
@@@@ SCENARIO 421 LEN 16 @@@@
49931 0 49931 0

@@@@ END @@@@
@@@@ SCENARIO 422 LEN 8 @@@@
0 0 0 0

@@@@ END @@@@
@@@@ SCENARIO 423 LEN 29 @@@@
-29 1 18446744073709551587 1

@@@@ END @@@@
@@@@ SCENARIO 424 LEN 8 @@@@
0 9 0 9

@@@@ END @@@@
@@@@ SCENARIO 425 LEN 18 @@@@
637196 0 637196 0

@@@@ END @@@@
@@@@ SCENARIO 426 LEN 8 @@@@
5 3 5 3

@@@@ END @@@@
@@@@ SCENARIO 427 LEN 8 @@@@
0 3 0 3

@@@@ END @@@@
@@@@ SCENARIO 428 LEN 8 @@@@
0 3 0 3

@@@@ END @@@@
@@@@ SCENARIO 429 LEN 12 @@@@
506 0 506 0

@@@@ END @@@@
@@@@ SCENARIO 430 LEN 8 @@@@
0 8 0 8

@@@@ END @@@@
@@@@ SCENARIO 431 LEN 8 @@@@
2 8 2 8

@@@@ END @@@@
@@@@ SCENARIO 432 LEN 8 @@@@
0 0 0 0

@@@@ END @@@@
@@@@ SCENARIO 433 LEN 10 @@@@
79 6 79 6

@@@@ END @@@@
@@@@ SCENARIO 434 LEN 12 @@@@
810 0 810 0

@@@@ END @@@@
@@@@ SCENARIO 435 LEN 8 @@@@
0 9 0 9

@@@@ END @@@@
@@@@ SCENARIO 436 LEN 8 @@@@
8 3 8 3

@@@@ END @@@@
@@@@ SCENARIO 437 LEN 8 @@@@
0 1 0 1

@@@@ END @@@@
@@@@ SCENARIO 438 LEN 8 @@@@
0 1 0 1

@@@@ END @@@@
@@@@ SCENARIO 439 LEN 8 @@@@
9 8 9 8

@@@@ END @@@@
@@@@ SCENARIO 440 LEN 8 @@@@
4 4 4 4

@@@@ END @@@@
@@@@ SCENARIO 441 LEN 8 @@@@
0 6 0 6

@@@@ END @@@@
@@@@ SCENARIO 442 LEN 8 @@@@
0 4 0 4

@@@@ END @@@@
@@@@ SCENARIO 443 LEN 8 @@@@
4 0 4 0

@@@@ END @@@@
@@@@ SCENARIO 444 LEN 8 @@@@
0 0 0 0

@@@@ END @@@@
@@@@ SCENARIO 445 LEN 8 @@@@
0 1 0 1

@@@@ END @@@@
@@@@ SCENARIO 446 LEN 10 @@@@
39 1 39 1

@@@@ END @@@@
@@@@ SCENARIO 447 LEN 8 @@@@
0 9 0 9

@@@@ END @@@@
@@@@ SCENARIO 448 LEN 10 @@@@
94 0 94 0

@@@@ END @@@@
@@@@ SCENARIO 449 LEN 8 @@@@
8 0 8 0

@@@@ END @@@@
@@@@ SCENARIO 450 LEN 8 @@@@
0 0 0 0

@@@@ END @@@@
@@@@ SCENARIO 451 LEN 10 @@@@
17 4 17 4

@@@@ END @@@@
@@@@ SCENARIO 452 LEN 10 @@@@
67 1 67 1

@@@@ END @@@@
@@@@ SCENARIO 453 LEN 8 @@@@
0 6 0 6

@@@@ END @@@@
@@@@ SCENARIO 454 LEN 10 @@@@
69 3 69 3

@@@@ END @@@@
@@@@ SCENARIO 455 LEN 8 @@@@
0 6 0 6

@@@@ END @@@@
@@@@ SCENARIO 456 LEN 8 @@@@
2 0 2 0

@@@@ END @@@@
@@@@ SCENARIO 457 LEN 20 @@@@
9783722 0 9783722 0

@@@@ END @@@@
@@@@ SCENARIO 458 LEN 8 @@@@
5 0 5 0

@@@@ END @@@@
@@@@ SCENARIO 459 LEN 12 @@@@
983 0 983 0

@@@@ END @@@@
@@@@ SCENARIO 460 LEN 12 @@@@
600 6 600 6

@@@@ END @@@@
@@@@ SCENARIO 461 LEN 8 @@@@
4 4 4 4

@@@@ END @@@@
@@@@ SCENARIO 462 LEN 10 @@@@
61 4 61 4

@@@@ END @@@@
@@@@ SCENARIO 463 LEN 8 @@@@
6 8 6 8

@@@@ END @@@@
@@@@ SCENARIO 464 LEN 8 @@@@
7 5 7 5

@@@@ END @@@@
@@@@ SCENARIO 465 LEN 12 @@@@
437 2 437 2

@@@@ END @@@@
@@@@ SCENARIO 466 LEN 12 @@@@
212 0 212 0

@@@@ END @@@@
@@@@ SCENARIO 467 LEN 8 @@@@
8 0 8 0

@@@@ END @@@@
@@@@ SCENARIO 468 LEN 8 @@@@
4 5 4 5

@@@@ END @@@@
@@@@ SCENARIO 469 LEN 20 @@@@
9008416 1 9008416 1

@@@@ END @@@@
@@@@ SCENARIO 470 LEN 16 @@@@
42771 0 42771 0

@@@@ END @@@@
@@@@ SCENARIO 471 LEN 8 @@@@
1 5 1 5

@@@@ END @@@@
@@@@ SCENARIO 472 LEN 12 @@@@
540 5 540 5

@@@@ END @@@@
@@@@ SCENARIO 473 LEN 10 @@@@
47 0 47 0

@@@@ END @@@@
@@@@ SCENARIO 474 LEN 8 @@@@
0 4 0 4

@@@@ END @@@@
@@@@ SCENARIO 475 LEN 8 @@@@
0 3 0 3

@@@@ END @@@@
@@@@ SCENARIO 476 LEN 12 @@@@
729 1 729 1

@@@@ END @@@@
@@@@ SCENARIO 477 LEN 8 @@@@
0 0 0 0

@@@@ END @@@@
@@@@ SCENARIO 478 LEN 14 @@@@
6937 0 6937 0

@@@@ END @@@@
@@@@ SCENARIO 479 LEN 8 @@@@
0 1 0 1

@@@@ END @@@@
@@@@ SCENARIO 480 LEN 8 @@@@
6 6 6 6

@@@@ END @@@@
@@@@ SCENARIO 481 LEN 8 @@@@
5 6 5 6

@@@@ END @@@@
@@@@ SCENARIO 482 LEN 16 @@@@
69742 0 69742 0

@@@@ END @@@@
@@@@ SCENARIO 483 LEN 8 @@@@
4 0 4 0

@@@@ END @@@@
@@@@ SCENARIO 484 LEN 10 @@@@
40 0 40 0

@@@@ END @@@@
@@@@ SCENARIO 485 LEN 8 @@@@
2 0 2 0

@@@@ END @@@@
@@@@ SCENARIO 486 LEN 8 @@@@
1 0 1 0

@@@@ END @@@@
@@@@ SCENARIO 487 LEN 12 @@@@
449 0 449 0

@@@@ END @@@@
@@@@ SCENARIO 488 LEN 8 @@@@
8 0 8 0

@@@@ END @@@@
@@@@ SCENARIO 489 LEN 8 @@@@
8 3 8 3

@@@@ END @@@@
@@@@ SCENARIO 490 LEN 8 @@@@
0 0 0 0

@@@@ END @@@@
@@@@ SCENARIO 491 LEN 10 @@@@
73 1 73 1

@@@@ END @@@@
@@@@ SCENARIO 492 LEN 12 @@@@
481 0 481 0

@@@@ END @@@@
@@@@ SCENARIO 493 LEN 18 @@@@
798047 1 798047 1

@@@@ END @@@@
@@@@ SCENARIO 494 LEN 12 @@@@
618 5 618 5

@@@@ END @@@@
@@@@ SCENARIO 495 LEN 8 @@@@
0 0 0 0

@@@@ END @@@@
@@@@ SCENARIO 496 LEN 8 @@@@
0 8 0 8

@@@@ END @@@@
@@@@ SCENARIO 497 LEN 10 @@@@
13 3 13 3

@@@@ END @@@@
@@@@ SCENARIO 498 LEN 8 @@@@
0 2 0 2

@@@@ END @@@@
@@@@ SCENARIO 499 LEN 18 @@@@
770433 0 770433 0

@@@@ END @@@@
@@@@ SCENARIO 500 LEN 8 @@@@
1 0 1 0

@@@@ END @@@@
@@@@ SCENARIO 501 LEN 8 @@@@
9 3 9 3

@@@@ END @@@@
@@@@ SCENARIO 502 LEN 8 @@@@
9 1 9 1

@@@@ END @@@@
@@@@ SCENARIO 503 LEN 8 @@@@
0 0 0 0

@@@@ END @@@@
@@@@ SCENARIO 504 LEN 10 @@@@
17 0 17 0

@@@@ END @@@@
@@@@ SCENARIO 505 LEN 8 @@@@
2 8 2 8

@@@@ END @@@@
@@@@ SCENARIO 506 LEN 8 @@@@
0 2 0 2

@@@@ END @@@@
@@@@ SCENARIO 507 LEN 8 @@@@
1 4 1 4

@@@@ END @@@@
@@@@ SCENARIO 508 LEN 8 @@@@
0 5 0 5

@@@@ END @@@@
@@@@ SCENARIO 509 LEN 8 @@@@
0 0 0 0

@@@@ END @@@@
@@@@ SCENARIO 510 LEN 8 @@@@
0 1 0 1

@@@@ END @@@@
@@@@ SCENARIO 511 LEN 8 @@@@
4 0 4 0

@@@@ END @@@@
@@@@ SCENARIO 512 LEN 8 @@@@
0 6 0 6

@@@@ END @@@@
@@@@ SCENARIO 513 LEN 8 @@@@
8 0 8 0

@@@@ END @@@@
@@@@ SCENARIO 514 LEN 12 @@@@
563 4 563 4

@@@@ END @@@@
@@@@ SCENARIO 515 LEN 8 @@@@
7 3 7 3

@@@@ END @@@@
@@@@ SCENARIO 516 LEN 8 @@@@
0 3 0 3

@@@@ END @@@@
@@@@ SCENARIO 517 LEN 12 @@@@
698 0 698 0

@@@@ END @@@@
@@@@ SCENARIO 518 LEN 12 @@@@
176 0 176 0

@@@@ END @@@@
@@@@ SCENARIO 519 LEN 10 @@@@
32 7 32 7

@@@@ END @@@@
@@@@ SCENARIO 520 LEN 18 @@@@
474772 2 474772 2

@@@@ END @@@@
@@@@ SCENARIO 521 LEN 10 @@@@
85 0 85 0

@@@@ END @@@@
@@@@ SCENARIO 522 LEN 8 @@@@
6 0 6 0

@@@@ END @@@@
@@@@ SCENARIO 523 LEN 12 @@@@
693 0 693 0

@@@@ END @@@@
@@@@ SCENARIO 524 LEN 14 @@@@
8335 1 8335 1

@@@@ END @@@@
@@@@ SCENARIO 525 LEN 8 @@@@
0 2 0 2

@@@@ END @@@@
@@@@ SCENARIO 526 LEN 8 @@@@
0 4 0 4

@@@@ END @@@@
@@@@ SCENARIO 527 LEN 8 @@@@
4 0 4 0

@@@@ END @@@@
@@@@ SCENARIO 528 LEN 14 @@@@
6092 5 6092 5

@@@@ END @@@@
@@@@ SCENARIO 529 LEN 8 @@@@
8 4 8 4

@@@@ END @@@@
@@@@ SCENARIO 530 LEN 8 @@@@
0 7 0 7

@@@@ END @@@@
@@@@ SCENARIO 531 LEN 8 @@@@
9 4 9 4

@@@@ END @@@@
@@@@ SCENARIO 532 LEN 8 @@@@
9 5 9 5

@@@@ END @@@@
@@@@ SCENARIO 533 LEN 8 @@@@
0 6 0 6

@@@@ END @@@@
@@@@ SCENARIO 534 LEN 12 @@@@
405 0 405 0

@@@@ END @@@@
@@@@ SCENARIO 535 LEN 8 @@@@
5 5 5 5

@@@@ END @@@@
@@@@ SCENARIO 536 LEN 10 @@@@
73 0 73 0

@@@@ END @@@@
@@@@ SCENARIO 537 LEN 8 @@@@
2 8 2 8

@@@@ END @@@@
@@@@ SCENARIO 538 LEN 8 @@@@
5 1 5 1

@@@@ END @@@@
@@@@ SCENARIO 539 LEN 10 @@@@
69 1 69 1

@@@@ END @@@@
@@@@ SCENARIO 540 LEN 8 @@@@
1 0 1 0

@@@@ END @@@@
@@@@ SCENARIO 541 LEN 8 @@@@
5 8 5 8

@@@@ END @@@@
@@@@ SCENARIO 542 LEN 8 @@@@
0 0 0 0

@@@@ END @@@@
@@@@ SCENARIO 543 LEN 8 @@@@
3 0 3 0

@@@@ END @@@@
@@@@ SCENARIO 544 LEN 8 @@@@
2 2 2 2

@@@@ END @@@@
@@@@ SCENARIO 545 LEN 12 @@@@
132 0 132 0

@@@@ END @@@@
@@@@ SCENARIO 546 LEN 10 @@@@
18 3 18 3

@@@@ END @@@@
@@@@ SCENARIO 547 LEN 28 @@@@
-1 0 18446744073709551615 0

@@@@ END @@@@
@@@@ SCENARIO 548 LEN 14 @@@@
8193 1 8193 1

@@@@ END @@@@
@@@@ SCENARIO 549 LEN 8 @@@@
0 9 0 9

@@@@ END @@@@
@@@@ SCENARIO 550 LEN 10 @@@@
92 0 92 0

@@@@ END @@@@
@@@@ SCENARIO 551 LEN 8 @@@@
9 5 9 5

@@@@ END @@@@
@@@@ SCENARIO 552 LEN 8 @@@@
0 0 0 0

@@@@ END @@@@
@@@@ SCENARIO 553 LEN 12 @@@@
459 1 459 1

@@@@ END @@@@
@@@@ SCENARIO 554 LEN 8 @@@@
0 0 0 0

@@@@ END @@@@
@@@@ SCENARIO 555 LEN 12 @@@@
756 5 756 5

@@@@ END @@@@
@@@@ SCENARIO 556 LEN 8 @@@@
2 3 2 3

@@@@ END @@@@
@@@@ SCENARIO 557 LEN 8 @@@@
3 2 3 2

@@@@ END @@@@
@@@@ SCENARIO 558 LEN 8 @@@@
0 5 0 5

@@@@ END @@@@
@@@@ SCENARIO 559 LEN 12 @@@@
495 2 495 2

@@@@ END @@@@
@@@@ SCENARIO 560 LEN 8 @@@@
0 6 0 6

@@@@ END @@@@
@@@@ SCENARIO 561 LEN 16 @@@@
19767 0 19767 0

@@@@ END @@@@
@@@@ SCENARIO 562 LEN 8 @@@@
3 0 3 0

@@@@ END @@@@
@@@@ SCENARIO 563 LEN 14 @@@@
1922 1 1922 1

@@@@ END @@@@
@@@@ SCENARIO 564 LEN 10 @@@@
46 5 46 5

@@@@ END @@@@
@@@@ SCENARIO 565 LEN 10 @@@@
55 6 55 6

@@@@ END @@@@
@@@@ SCENARIO 566 LEN 10 @@@@
57 4 57 4

@@@@ END @@@@
@@@@ SCENARIO 567 LEN 8 @@@@
0 9 0 9

@@@@ END @@@@
@@@@ SCENARIO 568 LEN 8 @@@@
7 6 7 6

@@@@ END @@@@
@@@@ SCENARIO 569 LEN 8 @@@@
5 0 5 0

@@@@ END @@@@
@@@@ SCENARIO 570 LEN 8 @@@@
0 0 0 0

@@@@ END @@@@
@@@@ SCENARIO 571 LEN 14 @@@@
2660 2 2660 2

@@@@ END @@@@
@@@@ SCENARIO 572 LEN 10 @@@@
37 1 37 1

@@@@ END @@@@
@@@@ SCENARIO 573 LEN 8 @@@@
0 8 0 8

@@@@ END @@@@
@@@@ SCENARIO 574 LEN 8 @@@@
0 0 0 0

@@@@ END @@@@
@@@@ SCENARIO 575 LEN 8 @@@@
0 3 0 3

@@@@ END @@@@
@@@@ SCENARIO 576 LEN 8 @@@@
3 4 3 4

@@@@ END @@@@
@@@@ SCENARIO 577 LEN 8 @@@@
0 3 0 3

@@@@ END @@@@
@@@@ SCENARIO 578 LEN 8 @@@@
0 8 0 8

@@@@ END @@@@
@@@@ SCENARIO 579 LEN 8 @@@@
0 2 0 2

@@@@ END @@@@
@@@@ SCENARIO 580 LEN 8 @@@@
0 6 0 6

@@@@ END @@@@
@@@@ SCENARIO 581 LEN 10 @@@@
23 0 23 0

@@@@ END @@@@
@@@@ SCENARIO 582 LEN 10 @@@@
91 4 91 4

@@@@ END @@@@
@@@@ SCENARIO 583 LEN 8 @@@@
0 6 0 6

@@@@ END @@@@
@@@@ SCENARIO 584 LEN 12 @@@@
594 4 594 4

@@@@ END @@@@
@@@@ SCENARIO 585 LEN 8 @@@@
0 0 0 0

@@@@ END @@@@
@@@@ SCENARIO 586 LEN 8 @@@@
6 0 6 0

@@@@ END @@@@
@@@@ SCENARIO 587 LEN 8 @@@@
0 0 0 0

@@@@ END @@@@
@@@@ SCENARIO 588 LEN 8 @@@@
0 9 0 9

@@@@ END @@@@
@@@@ SCENARIO 589 LEN 8 @@@@
0 0 0 0

@@@@ END @@@@
@@@@ SCENARIO 590 LEN 8 @@@@
6 3 6 3

@@@@ END @@@@
@@@@ SCENARIO 591 LEN 29 @@@@
-55 3 18446744073709551561 3

@@@@ END @@@@
@@@@ SCENARIO 592 LEN 8 @@@@
0 2 0 2

@@@@ END @@@@
@@@@ SCENARIO 593 LEN 16 @@@@
14448 0 14448 0

@@@@ END @@@@
@@@@ SCENARIO 594 LEN 8 @@@@
0 0 0 0

@@@@ END @@@@
@@@@ SCENARIO 595 LEN 12 @@@@
818 5 818 5

@@@@ END @@@@
@@@@ SCENARIO 596 LEN 10 @@@@
56 3 56 3

@@@@ END @@@@
@@@@ SCENARIO 597 LEN 10 @@@@
77 3 77 3

@@@@ END @@@@
@@@@ SCENARIO 598 LEN 8 @@@@
0 0 0 0

@@@@ END @@@@
@@@@ SCENARIO 599 LEN 12 @@@@
573 0 573 0

@@@@ END @@@@
@@@@ SCENARIO 600 LEN 8 @@@@
9 0 9 0

@@@@ END @@@@
@@@@ SCENARIO 601 LEN 8 @@@@
6 0 6 0

@@@@ END @@@@
@@@@ SCENARIO 602 LEN 8 @@@@
7 2 7 2

@@@@ END @@@@
@@@@ SCENARIO 603 LEN 8 @@@@
0 0 0 0

@@@@ END @@@@
@@@@ SCENARIO 604 LEN 8 @@@@
0 4 0 4

@@@@ END @@@@
@@@@ SCENARIO 605 LEN 10 @@@@
32 5 32 5

@@@@ END @@@@
@@@@ SCENARIO 606 LEN 8 @@@@
0 6 0 6

@@@@ END @@@@
@@@@ SCENARIO 607 LEN 8 @@@@
2 3 2 3

@@@@ END @@@@
@@@@ SCENARIO 608 LEN 14 @@@@
9408 3 9408 3

@@@@ END @@@@
@@@@ SCENARIO 609 LEN 10 @@@@
21 7 21 7

@@@@ END @@@@
@@@@ SCENARIO 610 LEN 8 @@@@
0 0 0 0

@@@@ END @@@@
@@@@ SCENARIO 611 LEN 10 @@@@
13 2 13 2

@@@@ END @@@@
@@@@ SCENARIO 612 LEN 8 @@@@
0 0 0 0

@@@@ END @@@@
@@@@ SCENARIO 613 LEN 28 @@@@
-2 2 18446744073709551614 2

@@@@ END @@@@
@@@@ SCENARIO 614 LEN 8 @@@@
9 0 9 0

@@@@ END @@@@
@@@@ SCENARIO 615 LEN 8 @@@@
6 7 6 7

@@@@ END @@@@
@@@@ SCENARIO 616 LEN 8 @@@@
1 7 1 7

@@@@ END @@@@
@@@@ SCENARIO 617 LEN 16 @@@@
64293 2 64293 2

@@@@ END @@@@
@@@@ SCENARIO 618 LEN 8 @@@@
7 2 7 2

@@@@ END @@@@
@@@@ SCENARIO 619 LEN 8 @@@@
4 8 4 8

@@@@ END @@@@
@@@@ SCENARIO 620 LEN 10 @@@@
60 2 60 2

@@@@ END @@@@
@@@@ SCENARIO 621 LEN 29 @@@@
-91 6 18446744073709551525 6

@@@@ END @@@@
@@@@ SCENARIO 622 LEN 8 @@@@
0 8 0 8

@@@@ END @@@@
@@@@ SCENARIO 623 LEN 8 @@@@
5 2 5 2

@@@@ END @@@@
@@@@ SCENARIO 624 LEN 8 @@@@
0 0 0 0

@@@@ END @@@@
@@@@ SCENARIO 625 LEN 28 @@@@
-6 1 18446744073709551610 1

@@@@ END @@@@
@@@@ SCENARIO 626 LEN 8 @@@@
7 1 7 1

@@@@ END @@@@
@@@@ SCENARIO 627 LEN 10 @@@@
54 6 54 6

@@@@ END @@@@
@@@@ SCENARIO 628 LEN 8 @@@@
0 0 0 0

@@@@ END @@@@
@@@@ SCENARIO 629 LEN 8 @@@@
1 0 1 0

@@@@ END @@@@
@@@@ SCENARIO 630 LEN 8 @@@@
0 8 0 8

@@@@ END @@@@
@@@@ SCENARIO 631 LEN 8 @@@@
6 5 6 5

@@@@ END @@@@
@@@@ SCENARIO 632 LEN 8 @@@@
1 8 1 8

@@@@ END @@@@
@@@@ SCENARIO 633 LEN 12 @@@@
633 5 633 5

@@@@ END @@@@
@@@@ SCENARIO 634 LEN 8 @@@@
0 9 0 9

@@@@ END @@@@
@@@@ SCENARIO 635 LEN 8 @@@@
0 1 0 1

@@@@ END @@@@
@@@@ SCENARIO 636 LEN 10 @@@@
55 3 55 3

@@@@ END @@@@
@@@@ SCENARIO 637 LEN 8 @@@@
0 1 0 1

@@@@ END @@@@
@@@@ SCENARIO 638 LEN 12 @@@@
322 6 322 6

@@@@ END @@@@
@@@@ SCENARIO 639 LEN 8 @@@@
5 6 5 6

@@@@ END @@@@
@@@@ SCENARIO 640 LEN 8 @@@@
0 9 0 9

@@@@ END @@@@
@@@@ SCENARIO 641 LEN 8 @@@@
6 5 6 5

@@@@ END @@@@
@@@@ SCENARIO 642 LEN 8 @@@@
9 8 9 8

@@@@ END @@@@
@@@@ SCENARIO 643 LEN 8 @@@@
4 3 4 3

@@@@ END @@@@
@@@@ SCENARIO 644 LEN 8 @@@@
8 8 8 8

@@@@ END @@@@
@@@@ SCENARIO 645 LEN 8 @@@@
0 0 0 0

@@@@ END @@@@
@@@@ SCENARIO 646 LEN 10 @@@@
14 5 14 5

@@@@ END @@@@
@@@@ SCENARIO 647 LEN 14 @@@@
4022 4 4022 4

@@@@ END @@@@
@@@@ SCENARIO 648 LEN 8 @@@@
0 1 0 1

@@@@ END @@@@
@@@@ SCENARIO 649 LEN 8 @@@@
2 8 2 8

@@@@ END @@@@
@@@@ SCENARIO 650 LEN 8 @@@@
0 4 0 4

@@@@ END @@@@
@@@@ SCENARIO 651 LEN 8 @@@@
0 6 0 6

@@@@ END @@@@
@@@@ SCENARIO 652 LEN 29 @@@@
-72 4 18446744073709551544 4

@@@@ END @@@@
@@@@ SCENARIO 653 LEN 8 @@@@
4 4 4 4

@@@@ END @@@@
@@@@ SCENARIO 654 LEN 8 @@@@
0 9 0 9

@@@@ END @@@@
@@@@ SCENARIO 655 LEN 8 @@@@
5 8 5 8

@@@@ END @@@@
@@@@ SCENARIO 656 LEN 8 @@@@
0 6 0 6

@@@@ END @@@@
@@@@ SCENARIO 657 LEN 10 @@@@
16 0 16 0

@@@@ END @@@@
@@@@ SCENARIO 658 LEN 10 @@@@
66 7 66 7

@@@@ END @@@@
@@@@ SCENARIO 659 LEN 8 @@@@
0 3 0 3

@@@@ END @@@@
@@@@ SCENARIO 660 LEN 8 @@@@
0 0 0 0

@@@@ END @@@@
@@@@ SCENARIO 661 LEN 8 @@@@
7 6 7 6

@@@@ END @@@@
@@@@ SCENARIO 662 LEN 8 @@@@
6 2 6 2

@@@@ END @@@@
@@@@ SCENARIO 663 LEN 14 @@@@
7371 5 7371 5

@@@@ END @@@@
@@@@ SCENARIO 664 LEN 12 @@@@
475 0 475 0

@@@@ END @@@@
@@@@ SCENARIO 665 LEN 8 @@@@
0 3 0 3

@@@@ END @@@@
@@@@ SCENARIO 666 LEN 8 @@@@
0 1 0 1

@@@@ END @@@@
@@@@ SCENARIO 667 LEN 8 @@@@
0 5 0 5

@@@@ END @@@@
@@@@ SCENARIO 668 LEN 8 @@@@
0 3 0 3

@@@@ END @@@@
@@@@ SCENARIO 669 LEN 8 @@@@
0 1 0 1

@@@@ END @@@@
@@@@ SCENARIO 670 LEN 10 @@@@
93 1 93 1

@@@@ END @@@@
@@@@ SCENARIO 671 LEN 8 @@@@
8 0 8 0

@@@@ END @@@@
@@@@ SCENARIO 672 LEN 8 @@@@
3 8 3 8

@@@@ END @@@@
@@@@ SCENARIO 673 LEN 8 @@@@
2 6 2 6

@@@@ END @@@@
@@@@ SCENARIO 674 LEN 8 @@@@
5 0 5 0

@@@@ END @@@@
@@@@ SCENARIO 675 LEN 8 @@@@
0 1 0 1

@@@@ END @@@@
@@@@ SCENARIO 676 LEN 16 @@@@
21849 3 21849 3

@@@@ END @@@@
@@@@ SCENARIO 677 LEN 8 @@@@
4 0 4 0

@@@@ END @@@@
@@@@ SCENARIO 678 LEN 8 @@@@
0 1 0 1

@@@@ END @@@@
@@@@ SCENARIO 679 LEN 28 @@@@
-5 0 18446744073709551611 0

@@@@ END @@@@
@@@@ SCENARIO 680 LEN 8 @@@@
7 0 7 0

@@@@ END @@@@
@@@@ SCENARIO 681 LEN 12 @@@@
912 0 912 0

@@@@ END @@@@
@@@@ SCENARIO 682 LEN 10 @@@@
35 7 35 7

@@@@ END @@@@
@@@@ SCENARIO 683 LEN 8 @@@@
0 0 0 0

@@@@ END @@@@
@@@@ SCENARIO 684 LEN 8 @@@@
9 4 9 4

@@@@ END @@@@
@@@@ SCENARIO 685 LEN 12 @@@@
286 1 286 1

@@@@ END @@@@
@@@@ SCENARIO 686 LEN 8 @@@@
0 6 0 6

@@@@ END @@@@
@@@@ SCENARIO 687 LEN 8 @@@@
1 7 1 7

@@@@ END @@@@
@@@@ SCENARIO 688 LEN 10 @@@@
68 0 68 0

@@@@ END @@@@
@@@@ SCENARIO 689 LEN 10 @@@@
43 3 43 3

@@@@ END @@@@
@@@@ SCENARIO 690 LEN 8 @@@@
0 0 0 0

@@@@ END @@@@
@@@@ SCENARIO 691 LEN 32 @@@@
-25660 0 18446744073709525956 0

@@@@ END @@@@
@@@@ SCENARIO 692 LEN 16 @@@@
22489 2 22489 2

@@@@ END @@@@
@@@@ SCENARIO 693 LEN 8 @@@@
7 7 7 7

@@@@ END @@@@
@@@@ SCENARIO 694 LEN 30 @@@@
-363 0 18446744073709551253 0

@@@@ END @@@@
@@@@ SCENARIO 695 LEN 10 @@@@
82 0 82 0

@@@@ END @@@@
@@@@ SCENARIO 696 LEN 8 @@@@
0 6 0 6

@@@@ END @@@@
@@@@ SCENARIO 697 LEN 10 @@@@
88 7 88 7

@@@@ END @@@@
@@@@ SCENARIO 698 LEN 8 @@@@
0 4 0 4

@@@@ END @@@@
@@@@ SCENARIO 699 LEN 8 @@@@
0 0 0 0

@@@@ END @@@@
@@@@ SCENARIO 700 LEN 8 @@@@
6 0 6 0

@@@@ END @@@@
@@@@ SCENARIO 701 LEN 8 @@@@
0 6 0 6

@@@@ END @@@@
@@@@ SCENARIO 702 LEN 8 @@@@
8 3 8 3

@@@@ END @@@@
@@@@ SCENARIO 703 LEN 10 @@@@
40 0 40 0

@@@@ END @@@@
@@@@ SCENARIO 704 LEN 8 @@@@
2 0 2 0

@@@@ END @@@@
@@@@ SCENARIO 705 LEN 8 @@@@
0 8 0 8

@@@@ END @@@@
@@@@ SCENARIO 706 LEN 10 @@@@
98 4 98 4

@@@@ END @@@@
@@@@ SCENARIO 707 LEN 32 @@@@
-71799 0 18446744073709479817 0

@@@@ END @@@@
@@@@ SCENARIO 708 LEN 28 @@@@
-2 4 18446744073709551614 4

@@@@ END @@@@
@@@@ SCENARIO 709 LEN 10 @@@@
42 0 42 0

@@@@ END @@@@
@@@@ SCENARIO 710 LEN 10 @@@@
13 0 13 0

@@@@ END @@@@
@@@@ SCENARIO 711 LEN 8 @@@@
2 0 2 0

@@@@ END @@@@
@@@@ SCENARIO 712 LEN 8 @@@@
0 9 0 9

@@@@ END @@@@
@@@@ SCENARIO 713 LEN 8 @@@@
0 0 0 0

@@@@ END @@@@
@@@@ SCENARIO 714 LEN 8 @@@@
0 1 0 1

@@@@ END @@@@
@@@@ SCENARIO 715 LEN 8 @@@@
0 0 0 0

@@@@ END @@@@
@@@@ SCENARIO 716 LEN 8 @@@@
4 1 4 1

@@@@ END @@@@
@@@@ SCENARIO 717 LEN 8 @@@@
0 5 0 5

@@@@ END @@@@
@@@@ SCENARIO 718 LEN 14 @@@@
9301 0 9301 0

@@@@ END @@@@
@@@@ SCENARIO 719 LEN 10 @@@@
20 0 20 0

@@@@ END @@@@
@@@@ SCENARIO 720 LEN 28 @@@@
-8 0 18446744073709551608 0

@@@@ END @@@@
@@@@ SCENARIO 721 LEN 8 @@@@
0 9 0 9

@@@@ END @@@@
@@@@ SCENARIO 722 LEN 8 @@@@
4 0 4 0

@@@@ END @@@@
@@@@ SCENARIO 723 LEN 8 @@@@
0 0 0 0

@@@@ END @@@@
@@@@ SCENARIO 724 LEN 8 @@@@
4 3 4 3

@@@@ END @@@@
@@@@ SCENARIO 725 LEN 12 @@@@
463 5 463 5

@@@@ END @@@@
@@@@ SCENARIO 726 LEN 8 @@@@
0 0 0 0

@@@@ END @@@@
@@@@ SCENARIO 727 LEN 10 @@@@
64 5 64 5

@@@@ END @@@@
@@@@ SCENARIO 728 LEN 10 @@@@
66 5 66 5

@@@@ END @@@@
@@@@ SCENARIO 729 LEN 28 @@@@
-6 0 18446744073709551610 0

@@@@ END @@@@
@@@@ SCENARIO 730 LEN 12 @@@@
123 5 123 5

@@@@ END @@@@
@@@@ SCENARIO 731 LEN 8 @@@@
0 2 0 2

@@@@ END @@@@
@@@@ SCENARIO 732 LEN 10 @@@@
34 0 34 0

@@@@ END @@@@
@@@@ SCENARIO 733 LEN 8 @@@@
8 6 8 6

@@@@ END @@@@
@@@@ SCENARIO 734 LEN 8 @@@@
0 1 0 1

@@@@ END @@@@
@@@@ SCENARIO 735 LEN 8 @@@@
8 3 8 3

@@@@ END @@@@
@@@@ SCENARIO 736 LEN 8 @@@@
3 6 3 6

@@@@ END @@@@
@@@@ SCENARIO 737 LEN 8 @@@@
0 0 0 0

@@@@ END @@@@
@@@@ SCENARIO 738 LEN 8 @@@@
0 3 0 3

@@@@ END @@@@
@@@@ SCENARIO 739 LEN 28 @@@@
-9 6 18446744073709551607 6

@@@@ END @@@@
@@@@ SCENARIO 740 LEN 8 @@@@
0 4 0 4

@@@@ END @@@@
@@@@ SCENARIO 741 LEN 8 @@@@
0 0 0 0

@@@@ END @@@@
@@@@ SCENARIO 742 LEN 14 @@@@
1751 2 1751 2

@@@@ END @@@@
@@@@ SCENARIO 743 LEN 8 @@@@
0 1 0 1

@@@@ END @@@@
@@@@ SCENARIO 744 LEN 8 @@@@
3 1 3 1

@@@@ END @@@@
@@@@ SCENARIO 745 LEN 8 @@@@
9 4 9 4

@@@@ END @@@@
@@@@ SCENARIO 746 LEN 8 @@@@
0 3 0 3

@@@@ END @@@@
@@@@ SCENARIO 747 LEN 29 @@@@
-51 1 18446744073709551565 1

@@@@ END @@@@
@@@@ SCENARIO 748 LEN 8 @@@@
3 7 3 7

@@@@ END @@@@
@@@@ SCENARIO 749 LEN 8 @@@@
0 1 0 1

@@@@ END @@@@
@@@@ SCENARIO 750 LEN 12 @@@@
129 5 129 5

@@@@ END @@@@
@@@@ SCENARIO 751 LEN 8 @@@@
8 2 8 2

@@@@ END @@@@
@@@@ SCENARIO 752 LEN 8 @@@@
0 3 0 3

@@@@ END @@@@
@@@@ SCENARIO 753 LEN 8 @@@@
0 9 0 9

@@@@ END @@@@
@@@@ SCENARIO 754 LEN 12 @@@@
572 2 572 2

@@@@ END @@@@
@@@@ SCENARIO 755 LEN 8 @@@@
8 8 8 8

@@@@ END @@@@
@@@@ SCENARIO 756 LEN 8 @@@@
4 7 4 7

@@@@ END @@@@
@@@@ SCENARIO 757 LEN 8 @@@@
0 6 0 6

@@@@ END @@@@
@@@@ SCENARIO 758 LEN 8 @@@@
0 5 0 5

@@@@ END @@@@
@@@@ SCENARIO 759 LEN 8 @@@@
9 4 9 4

@@@@ END @@@@
@@@@ SCENARIO 760 LEN 8 @@@@
6 8 6 8

@@@@ END @@@@
@@@@ SCENARIO 761 LEN 8 @@@@
2 0 2 0

@@@@ END @@@@
@@@@ SCENARIO 762 LEN 8 @@@@
2 3 2 3

@@@@ END @@@@
@@@@ SCENARIO 763 LEN 8 @@@@
0 1 0 1

@@@@ END @@@@
@@@@ SCENARIO 764 LEN 8 @@@@
5 0 5 0

@@@@ END @@@@
@@@@ SCENARIO 765 LEN 8 @@@@
0 9 0 9

@@@@ END @@@@
@@@@ SCENARIO 766 LEN 8 @@@@
0 6 0 6

@@@@ END @@@@
@@@@ SCENARIO 767 LEN 8 @@@@
0 0 0 0

@@@@ END @@@@
@@@@ SCENARIO 768 LEN 10 @@@@
11 0 11 0

@@@@ END @@@@
@@@@ SCENARIO 769 LEN 10 @@@@
39 0 39 0

@@@@ END @@@@
@@@@ SCENARIO 770 LEN 8 @@@@
0 0 0 0

@@@@ END @@@@
@@@@ SCENARIO 771 LEN 8 @@@@
0 0 0 0

@@@@ END @@@@
@@@@ SCENARIO 772 LEN 8 @@@@
5 3 5 3

@@@@ END @@@@
@@@@ SCENARIO 773 LEN 8 @@@@
0 1 0 1

@@@@ END @@@@
@@@@ SCENARIO 774 LEN 8 @@@@
0 1 0 1

@@@@ END @@@@
@@@@ SCENARIO 775 LEN 10 @@@@
49 0 49 0

@@@@ END @@@@
@@@@ SCENARIO 776 LEN 8 @@@@
0 8 0 8

@@@@ END @@@@
@@@@ SCENARIO 777 LEN 28 @@@@
-4 0 18446744073709551612 0

@@@@ END @@@@
@@@@ SCENARIO 778 LEN 8 @@@@
0 9 0 9

@@@@ END @@@@
@@@@ SCENARIO 779 LEN 8 @@@@
0 3 0 3

@@@@ END @@@@
@@@@ SCENARIO 780 LEN 8 @@@@
0 0 0 0

@@@@ END @@@@
@@@@ SCENARIO 781 LEN 8 @@@@
1 0 1 0

@@@@ END @@@@
@@@@ SCENARIO 782 LEN 8 @@@@
9 6 9 6

@@@@ END @@@@
@@@@ SCENARIO 783 LEN 8 @@@@
0 2 0 2

@@@@ END @@@@
@@@@ SCENARIO 784 LEN 8 @@@@
2 7 2 7

@@@@ END @@@@
@@@@ SCENARIO 785 LEN 10 @@@@
67 3 67 3

@@@@ END @@@@
@@@@ SCENARIO 786 LEN 8 @@@@
0 8 0 8

@@@@ END @@@@
@@@@ SCENARIO 787 LEN 14 @@@@
7604 5 7604 5

@@@@ END @@@@
@@@@ SCENARIO 788 LEN 8 @@@@
4 7 4 7

@@@@ END @@@@
@@@@ SCENARIO 789 LEN 8 @@@@
3 3 3 3

@@@@ END @@@@
@@@@ SCENARIO 790 LEN 22 @@@@
59713727 0 59713727 0

@@@@ END @@@@
@@@@ SCENARIO 791 LEN 8 @@@@
4 5 4 5

@@@@ END @@@@
@@@@ SCENARIO 792 LEN 8 @@@@
0 1 0 1

@@@@ END @@@@
@@@@ SCENARIO 793 LEN 8 @@@@
0 1 0 1

@@@@ END @@@@
@@@@ SCENARIO 794 LEN 8 @@@@
0 1 0 1

@@@@ END @@@@
@@@@ SCENARIO 795 LEN 8 @@@@
0 3 0 3

@@@@ END @@@@
@@@@ SCENARIO 796 LEN 8 @@@@
0 0 0 0

@@@@ END @@@@
@@@@ SCENARIO 797 LEN 8 @@@@
6 1 6 1

@@@@ END @@@@
@@@@ SCENARIO 798 LEN 10 @@@@
68 0 68 0

@@@@ END @@@@
@@@@ SCENARIO 799 LEN 16 @@@@
35065 3 35065 3

@@@@ END @@@@
@@@@ SCENARIO 800 LEN 8 @@@@
0 7 0 7

@@@@ END @@@@
@@@@ SCENARIO 801 LEN 14 @@@@
4662 5 4662 5

@@@@ END @@@@
@@@@ SCENARIO 802 LEN 10 @@@@
46 4 46 4

@@@@ END @@@@
@@@@ SCENARIO 803 LEN 8 @@@@
0 2 0 2

@@@@ END @@@@
@@@@ SCENARIO 804 LEN 8 @@@@
0 0 0 0

@@@@ END @@@@
@@@@ SCENARIO 805 LEN 10 @@@@
87 0 87 0

@@@@ END @@@@
@@@@ SCENARIO 806 LEN 8 @@@@
0 6 0 6

@@@@ END @@@@
@@@@ SCENARIO 807 LEN 8 @@@@
9 0 9 0

@@@@ END @@@@
@@@@ SCENARIO 808 LEN 8 @@@@
0 2 0 2

@@@@ END @@@@
@@@@ SCENARIO 809 LEN 10 @@@@
37 0 37 0

@@@@ END @@@@
@@@@ SCENARIO 810 LEN 16 @@@@
20346 0 20346 0

@@@@ END @@@@
@@@@ SCENARIO 811 LEN 8 @@@@
0 9 0 9

@@@@ END @@@@
@@@@ SCENARIO 812 LEN 8 @@@@
2 0 2 0

@@@@ END @@@@
@@@@ SCENARIO 813 LEN 8 @@@@
0 7 0 7

@@@@ END @@@@
@@@@ SCENARIO 814 LEN 8 @@@@
0 1 0 1

@@@@ END @@@@
@@@@ SCENARIO 815 LEN 8 @@@@
0 3 0 3

@@@@ END @@@@
@@@@ SCENARIO 816 LEN 18 @@@@
862960 0 862960 0

@@@@ END @@@@
@@@@ SCENARIO 817 LEN 8 @@@@
6 0 6 0

@@@@ END @@@@
@@@@ SCENARIO 818 LEN 12 @@@@
293 0 293 0

@@@@ END @@@@
@@@@ SCENARIO 819 LEN 8 @@@@
0 9 0 9

@@@@ END @@@@
@@@@ SCENARIO 820 LEN 8 @@@@
3 3 3 3

@@@@ END @@@@
@@@@ SCENARIO 821 LEN 12 @@@@
666 0 666 0

@@@@ END @@@@
@@@@ SCENARIO 822 LEN 8 @@@@
0 0 0 0

@@@@ END @@@@
@@@@ SCENARIO 823 LEN 8 @@@@
0 2 0 2

@@@@ END @@@@
@@@@ SCENARIO 824 LEN 8 @@@@
9 1 9 1

@@@@ END @@@@
@@@@ SCENARIO 825 LEN 8 @@@@
9 2 9 2

@@@@ END @@@@
@@@@ SCENARIO 826 LEN 8 @@@@
2 3 2 3

@@@@ END @@@@
@@@@ SCENARIO 827 LEN 10 @@@@
89 6 89 6

@@@@ END @@@@
@@@@ SCENARIO 828 LEN 8 @@@@
0 5 0 5

@@@@ END @@@@
@@@@ SCENARIO 829 LEN 8 @@@@
0 0 0 0

@@@@ END @@@@
@@@@ SCENARIO 830 LEN 10 @@@@
93 4 93 4

@@@@ END @@@@
@@@@ SCENARIO 831 LEN 10 @@@@
95 5 95 5

@@@@ END @@@@
@@@@ SCENARIO 832 LEN 10 @@@@
40 3 40 3

@@@@ END @@@@
@@@@ SCENARIO 833 LEN 10 @@@@
63 3 63 3

@@@@ END @@@@
@@@@ SCENARIO 834 LEN 8 @@@@
2 5 2 5

@@@@ END @@@@
@@@@ SCENARIO 835 LEN 8 @@@@
0 1 0 1

@@@@ END @@@@
@@@@ SCENARIO 836 LEN 10 @@@@
46 0 46 0

@@@@ END @@@@
@@@@ SCENARIO 837 LEN 8 @@@@
0 9 0 9

@@@@ END @@@@
@@@@ SCENARIO 838 LEN 14 @@@@
4205 1 4205 1

@@@@ END @@@@
@@@@ SCENARIO 839 LEN 8 @@@@
0 1 0 1

@@@@ END @@@@
@@@@ SCENARIO 840 LEN 8 @@@@
0 8 0 8

@@@@ END @@@@
@@@@ SCENARIO 841 LEN 28 @@@@
-9 1 18446744073709551607 1

@@@@ END @@@@
@@@@ SCENARIO 842 LEN 20 @@@@
3810579 0 3810579 0

@@@@ END @@@@
@@@@ SCENARIO 843 LEN 8 @@@@
0 2 0 2

@@@@ END @@@@
@@@@ SCENARIO 844 LEN 8 @@@@
6 3 6 3

@@@@ END @@@@
@@@@ SCENARIO 845 LEN 10 @@@@
59 1 59 1

@@@@ END @@@@
@@@@ SCENARIO 846 LEN 8 @@@@
0 9 0 9

@@@@ END @@@@
@@@@ SCENARIO 847 LEN 14 @@@@
1170 0 1170 0

@@@@ END @@@@
@@@@ SCENARIO 848 LEN 8 @@@@
0 3 0 3

@@@@ END @@@@
@@@@ SCENARIO 849 LEN 8 @@@@
2 7 2 7

@@@@ END @@@@
@@@@ SCENARIO 850 LEN 8 @@@@
0 7 0 7

@@@@ END @@@@
@@@@ SCENARIO 851 LEN 8 @@@@
0 8 0 8

@@@@ END @@@@
@@@@ SCENARIO 852 LEN 12 @@@@
669 5 669 5

@@@@ END @@@@
@@@@ SCENARIO 853 LEN 8 @@@@
0 0 0 0

@@@@ END @@@@
@@@@ SCENARIO 854 LEN 8 @@@@
8 1 8 1

@@@@ END @@@@
@@@@ SCENARIO 855 LEN 8 @@@@
7 0 7 0

@@@@ END @@@@
@@@@ SCENARIO 856 LEN 8 @@@@
0 5 0 5

@@@@ END @@@@
@@@@ SCENARIO 857 LEN 8 @@@@
0 3 0 3

@@@@ END @@@@
@@@@ SCENARIO 858 LEN 8 @@@@
0 6 0 6

@@@@ END @@@@
@@@@ SCENARIO 859 LEN 8 @@@@
0 7 0 7

@@@@ END @@@@
@@@@ SCENARIO 860 LEN 8 @@@@
0 6 0 6

@@@@ END @@@@
@@@@ SCENARIO 861 LEN 8 @@@@
0 6 0 6

@@@@ END @@@@
@@@@ SCENARIO 862 LEN 12 @@@@
787 5 787 5

@@@@ END @@@@
@@@@ SCENARIO 863 LEN 8 @@@@
0 0 0 0

@@@@ END @@@@
@@@@ SCENARIO 864 LEN 8 @@@@
0 7 0 7

@@@@ END @@@@
@@@@ SCENARIO 865 LEN 8 @@@@
5 7 5 7

@@@@ END @@@@
@@@@ SCENARIO 866 LEN 10 @@@@
22 3 22 3

@@@@ END @@@@
@@@@ SCENARIO 867 LEN 8 @@@@
0 8 0 8

@@@@ END @@@@
@@@@ SCENARIO 868 LEN 14 @@@@
2801 0 2801 0

@@@@ END @@@@
@@@@ SCENARIO 869 LEN 8 @@@@
1 2 1 2

@@@@ END @@@@
@@@@ SCENARIO 870 LEN 10 @@@@
94 5 94 5

@@@@ END @@@@
@@@@ SCENARIO 871 LEN 8 @@@@
0 7 0 7

@@@@ END @@@@
@@@@ SCENARIO 872 LEN 8 @@@@
4 1 4 1

@@@@ END @@@@
@@@@ SCENARIO 873 LEN 14 @@@@
7592 1 7592 1

@@@@ END @@@@
@@@@ SCENARIO 874 LEN 8 @@@@
0 3 0 3

@@@@ END @@@@
@@@@ SCENARIO 875 LEN 10 @@@@
45 1 45 1

@@@@ END @@@@
@@@@ SCENARIO 876 LEN 8 @@@@
1 2 1 2

@@@@ END @@@@
@@@@ SCENARIO 877 LEN 10 @@@@
62 0 62 0

@@@@ END @@@@
@@@@ SCENARIO 878 LEN 8 @@@@
0 0 0 0

@@@@ END @@@@
@@@@ SCENARIO 879 LEN 8 @@@@
0 0 0 0

@@@@ END @@@@
@@@@ SCENARIO 880 LEN 8 @@@@
6 0 6 0

@@@@ END @@@@
@@@@ SCENARIO 881 LEN 10 @@@@
90 0 90 0

@@@@ END @@@@
@@@@ SCENARIO 882 LEN 8 @@@@
5 3 5 3

@@@@ END @@@@
@@@@ SCENARIO 883 LEN 12 @@@@
641 0 641 0

@@@@ END @@@@
@@@@ SCENARIO 884 LEN 8 @@@@
0 1 0 1

@@@@ END @@@@
@@@@ SCENARIO 885 LEN 8 @@@@
3 0 3 0

@@@@ END @@@@
@@@@ SCENARIO 886 LEN 8 @@@@
3 4 3 4

@@@@ END @@@@
@@@@ SCENARIO 887 LEN 8 @@@@
0 6 0 6

@@@@ END @@@@
@@@@ SCENARIO 888 LEN 10 @@@@
78 2 78 2

@@@@ END @@@@
@@@@ SCENARIO 889 LEN 8 @@@@
0 6 0 6

@@@@ END @@@@
@@@@ SCENARIO 890 LEN 8 @@@@
0 1 0 1

@@@@ END @@@@
@@@@ SCENARIO 891 LEN 8 @@@@
0 0 0 0

@@@@ END @@@@
@@@@ SCENARIO 892 LEN 8 @@@@
0 8 0 8

@@@@ END @@@@
@@@@ SCENARIO 893 LEN 8 @@@@
0 3 0 3

@@@@ END @@@@
@@@@ SCENARIO 894 LEN 8 @@@@
0 0 0 0

@@@@ END @@@@
@@@@ SCENARIO 895 LEN 8 @@@@
0 2 0 2

@@@@ END @@@@
@@@@ SCENARIO 896 LEN 8 @@@@
0 4 0 4

@@@@ END @@@@
@@@@ SCENARIO 897 LEN 10 @@@@
62 0 62 0

@@@@ END @@@@
@@@@ SCENARIO 898 LEN 8 @@@@
1 0 1 0

@@@@ END @@@@
@@@@ SCENARIO 899 LEN 8 @@@@
0 8 0 8

@@@@ END @@@@
@@@@ SCENARIO 900 LEN 8 @@@@
0 7 0 7

@@@@ END @@@@
@@@@ SCENARIO 901 LEN 8 @@@@
6 4 6 4

@@@@ END @@@@
@@@@ SCENARIO 902 LEN 8 @@@@
0 0 0 0

@@@@ END @@@@
@@@@ SCENARIO 903 LEN 8 @@@@
0 4 0 4

@@@@ END @@@@
@@@@ SCENARIO 904 LEN 8 @@@@
2 2 2 2

@@@@ END @@@@
@@@@ SCENARIO 905 LEN 8 @@@@
0 8 0 8

@@@@ END @@@@
@@@@ SCENARIO 906 LEN 8 @@@@
0 4 0 4

@@@@ END @@@@
@@@@ SCENARIO 907 LEN 8 @@@@
0 0 0 0

@@@@ END @@@@
@@@@ SCENARIO 908 LEN 8 @@@@
0 0 0 0

@@@@ END @@@@
@@@@ SCENARIO 909 LEN 8 @@@@
6 0 6 0

@@@@ END @@@@
@@@@ SCENARIO 910 LEN 10 @@@@
47 1 47 1

@@@@ END @@@@
@@@@ SCENARIO 911 LEN 8 @@@@
2 8 2 8

@@@@ END @@@@
@@@@ SCENARIO 912 LEN 8 @@@@
8 7 8 7

@@@@ END @@@@
@@@@ SCENARIO 913 LEN 8 @@@@
0 5 0 5

@@@@ END @@@@
@@@@ SCENARIO 914 LEN 8 @@@@
3 6 3 6

@@@@ END @@@@
@@@@ SCENARIO 915 LEN 14 @@@@
7497 4 7497 4

@@@@ END @@@@
@@@@ SCENARIO 916 LEN 8 @@@@
2 2 2 2

@@@@ END @@@@
@@@@ SCENARIO 917 LEN 8 @@@@
5 7 5 7

@@@@ END @@@@
@@@@ SCENARIO 918 LEN 10 @@@@
79 5 79 5

@@@@ END @@@@
@@@@ SCENARIO 919 LEN 8 @@@@
4 3 4 3

@@@@ END @@@@
@@@@ SCENARIO 920 LEN 8 @@@@
0 9 0 9

@@@@ END @@@@
@@@@ SCENARIO 921 LEN 8 @@@@
0 6 0 6

@@@@ END @@@@
@@@@ SCENARIO 922 LEN 8 @@@@
0 6 0 6

@@@@ END @@@@
@@@@ SCENARIO 923 LEN 8 @@@@
0 0 0 0

@@@@ END @@@@
@@@@ SCENARIO 924 LEN 8 @@@@
8 6 8 6

@@@@ END @@@@
@@@@ SCENARIO 925 LEN 8 @@@@
0 3 0 3

@@@@ END @@@@
@@@@ SCENARIO 926 LEN 10 @@@@
75 0 75 0

@@@@ END @@@@
@@@@ SCENARIO 927 LEN 8 @@@@
0 3 0 3

@@@@ END @@@@
@@@@ SCENARIO 928 LEN 8 @@@@
3 3 3 3

@@@@ END @@@@
@@@@ SCENARIO 929 LEN 8 @@@@
0 0 0 0

@@@@ END @@@@
@@@@ SCENARIO 930 LEN 12 @@@@
887 2 887 2

@@@@ END @@@@
@@@@ SCENARIO 931 LEN 8 @@@@
3 4 3 4

@@@@ END @@@@
@@@@ SCENARIO 932 LEN 8 @@@@
6 0 6 0

@@@@ END @@@@
@@@@ SCENARIO 933 LEN 8 @@@@
0 3 0 3

@@@@ END @@@@
@@@@ SCENARIO 934 LEN 10 @@@@
97 0 97 0

@@@@ END @@@@
@@@@ SCENARIO 935 LEN 16 @@@@
11132 4 11132 4

@@@@ END @@@@
@@@@ SCENARIO 936 LEN 8 @@@@
1 7 1 7

@@@@ END @@@@
@@@@ SCENARIO 937 LEN 8 @@@@
0 0 0 0

@@@@ END @@@@
@@@@ SCENARIO 938 LEN 8 @@@@
0 2 0 2

@@@@ END @@@@
@@@@ SCENARIO 939 LEN 12 @@@@
996 3 996 3

@@@@ END @@@@
@@@@ SCENARIO 940 LEN 8 @@@@
7 0 7 0

@@@@ END @@@@
@@@@ SCENARIO 941 LEN 10 @@@@
25 7 25 7

@@@@ END @@@@
@@@@ SCENARIO 942 LEN 8 @@@@
7 4 7 4

@@@@ END @@@@
@@@@ SCENARIO 943 LEN 8 @@@@
0 6 0 6

@@@@ END @@@@
@@@@ SCENARIO 944 LEN 8 @@@@
3 6 3 6

@@@@ END @@@@
@@@@ SCENARIO 945 LEN 10 @@@@
33 4 33 4

@@@@ END @@@@
@@@@ SCENARIO 946 LEN 8 @@@@
2 6 2 6

@@@@ END @@@@
@@@@ SCENARIO 947 LEN 8 @@@@
0 4 0 4

@@@@ END @@@@
@@@@ SCENARIO 948 LEN 8 @@@@
0 1 0 1

@@@@ END @@@@
@@@@ SCENARIO 949 LEN 8 @@@@
3 7 3 7

@@@@ END @@@@
@@@@ SCENARIO 950 LEN 10 @@@@
44 4 44 4

@@@@ END @@@@
@@@@ SCENARIO 951 LEN 8 @@@@
5 5 5 5

@@@@ END @@@@
@@@@ SCENARIO 952 LEN 8 @@@@
0 7 0 7

@@@@ END @@@@
@@@@ SCENARIO 953 LEN 29 @@@@
-25 2 18446744073709551591 2

@@@@ END @@@@
@@@@ SCENARIO 954 LEN 12 @@@@
345 3 345 3

@@@@ END @@@@
@@@@ SCENARIO 955 LEN 10 @@@@
26 0 26 0

@@@@ END @@@@
@@@@ SCENARIO 956 LEN 14 @@@@
8158 1 8158 1

@@@@ END @@@@
@@@@ SCENARIO 957 LEN 8 @@@@
0 0 0 0

@@@@ END @@@@
@@@@ SCENARIO 958 LEN 8 @@@@
0 5 0 5

@@@@ END @@@@
@@@@ SCENARIO 959 LEN 8 @@@@
5 2 5 2

@@@@ END @@@@
@@@@ SCENARIO 960 LEN 10 @@@@
79 0 79 0

@@@@ END @@@@
@@@@ SCENARIO 961 LEN 8 @@@@
8 7 8 7

@@@@ END @@@@
@@@@ SCENARIO 962 LEN 14 @@@@
5503 0 5503 0

@@@@ END @@@@
@@@@ SCENARIO 963 LEN 18 @@@@
170853 1 170853 1

@@@@ END @@@@
@@@@ SCENARIO 964 LEN 12 @@@@
820 0 820 0

@@@@ END @@@@
@@@@ SCENARIO 965 LEN 12 @@@@
232 0 232 0

@@@@ END @@@@
@@@@ SCENARIO 966 LEN 10 @@@@
19 3 19 3

@@@@ END @@@@
@@@@ SCENARIO 967 LEN 10 @@@@
47 0 47 0

@@@@ END @@@@
@@@@ SCENARIO 968 LEN 10 @@@@
49 6 49 6

@@@@ END @@@@
@@@@ SCENARIO 969 LEN 14 @@@@
5908 5 5908 5

@@@@ END @@@@
@@@@ SCENARIO 970 LEN 8 @@@@
3 4 3 4

@@@@ END @@@@
@@@@ SCENARIO 971 LEN 12 @@@@
683 0 683 0

@@@@ END @@@@
@@@@ SCENARIO 972 LEN 8 @@@@
1 5 1 5

@@@@ END @@@@
@@@@ SCENARIO 973 LEN 8 @@@@
1 3 1 3

@@@@ END @@@@
@@@@ SCENARIO 974 LEN 10 @@@@
23 3 23 3

@@@@ END @@@@
@@@@ SCENARIO 975 LEN 10 @@@@
86 0 86 0

@@@@ END @@@@
@@@@ SCENARIO 976 LEN 8 @@@@
0 0 0 0

@@@@ END @@@@
@@@@ SCENARIO 977 LEN 8 @@@@
0 5 0 5

@@@@ END @@@@
@@@@ SCENARIO 978 LEN 8 @@@@
7 5 7 5

@@@@ END @@@@
@@@@ SCENARIO 979 LEN 8 @@@@
0 0 0 0

@@@@ END @@@@
@@@@ SCENARIO 980 LEN 30 @@@@
-954 0 18446744073709550662 0

@@@@ END @@@@
@@@@ SCENARIO 981 LEN 8 @@@@
0 1 0 1

@@@@ END @@@@
@@@@ SCENARIO 982 LEN 12 @@@@
333 0 333 0

@@@@ END @@@@
@@@@ SCENARIO 983 LEN 12 @@@@
687 2 687 2

@@@@ END @@@@
@@@@ SCENARIO 984 LEN 10 @@@@
97 3 97 3

@@@@ END @@@@
@@@@ SCENARIO 985 LEN 8 @@@@
0 1 0 1

@@@@ END @@@@
@@@@ SCENARIO 986 LEN 8 @@@@
0 0 0 0

@@@@ END @@@@
@@@@ SCENARIO 987 LEN 12 @@@@
780 1 780 1

@@@@ END @@@@
@@@@ SCENARIO 988 LEN 14 @@@@
6758 3 6758 3

@@@@ END @@@@
@@@@ SCENARIO 989 LEN 12 @@@@
102 3 102 3

@@@@ END @@@@
@@@@ SCENARIO 990 LEN 10 @@@@
29 2 29 2

@@@@ END @@@@
@@@@ SCENARIO 991 LEN 18 @@@@
724652 2 724652 2

@@@@ END @@@@
@@@@ SCENARIO 992 LEN 8 @@@@
0 0 0 0

@@@@ END @@@@
@@@@ SCENARIO 993 LEN 8 @@@@
0 6 0 6

@@@@ END @@@@
@@@@ SCENARIO 994 LEN 8 @@@@
0 5 0 5

@@@@ END @@@@
@@@@ SCENARIO 995 LEN 8 @@@@
6 7 6 7

@@@@ END @@@@
@@@@ SCENARIO 996 LEN 8 @@@@
6 6 6 6

@@@@ END @@@@
@@@@ SCENARIO 997 LEN 8 @@@@
0 6 0 6

@@@@ END @@@@
@@@@ SCENARIO 998 LEN 12 @@@@
720 2 720 2

@@@@ END @@@@
@@@@ SCENARIO 999 LEN 10 @@@@
57 1 57 1

@@@@ END @@@@
@@@@ SCENARIO 1000 LEN 8 @@@@
7 7 7 7

@@@@ END @@@@
@@@@ SCENARIO 1001 LEN 8 @@@@
0 1 0 1

@@@@ END @@@@
@@@@ SCENARIO 1002 LEN 8 @@@@
2 0 2 0

@@@@ END @@@@
@@@@ SCENARIO 1003 LEN 14 @@@@
5051 3 5051 3

@@@@ END @@@@
@@@@ SCENARIO 1004 LEN 8 @@@@
0 7 0 7

@@@@ END @@@@
@@@@ SCENARIO 1005 LEN 8 @@@@
0 3 0 3

@@@@ END @@@@
@@@@ SCENARIO 1006 LEN 8 @@@@
0 0 0 0

@@@@ END @@@@
@@@@ SCENARIO 1007 LEN 8 @@@@
7 7 7 7

@@@@ END @@@@
@@@@ SCENARIO 1008 LEN 8 @@@@
1 5 1 5

@@@@ END @@@@
@@@@ SCENARIO 1009 LEN 8 @@@@
2 0 2 0

@@@@ END @@@@
@@@@ SCENARIO 1010 LEN 31 @@@@
-7207 4 18446744073709544409 4

@@@@ END @@@@
@@@@ SCENARIO 1011 LEN 12 @@@@
382 5 382 5

@@@@ END @@@@
@@@@ SCENARIO 1012 LEN 8 @@@@
0 8 0 8

@@@@ END @@@@
@@@@ SCENARIO 1013 LEN 8 @@@@
0 8 0 8

@@@@ END @@@@
@@@@ SCENARIO 1014 LEN 8 @@@@
0 8 0 8

@@@@ END @@@@
@@@@ SCENARIO 1015 LEN 8 @@@@
0 2 0 2

@@@@ END @@@@
@@@@ SCENARIO 1016 LEN 8 @@@@
7 0 7 0

@@@@ END @@@@
@@@@ SCENARIO 1017 LEN 8 @@@@
4 3 4 3

@@@@ END @@@@
@@@@ SCENARIO 1018 LEN 12 @@@@
536 3 536 3

@@@@ END @@@@
@@@@ SCENARIO 1019 LEN 8 @@@@
6 3 6 3

@@@@ END @@@@
@@@@ SCENARIO 1020 LEN 8 @@@@
0 9 0 9

@@@@ END @@@@
@@@@ SCENARIO 1021 LEN 8 @@@@
0 3 0 3

@@@@ END @@@@
@@@@ SCENARIO 1022 LEN 8 @@@@
8 7 8 7

@@@@ END @@@@
@@@@ SCENARIO 1023 LEN 10 @@@@
28 1 28 1

@@@@ END @@@@
@@@@ SCENARIO 1024 LEN 8 @@@@
0 2 0 2

@@@@ END @@@@
@@@@ SCENARIO 1025 LEN 8 @@@@
2 8 2 8

@@@@ END @@@@
@@@@ SCENARIO 1026 LEN 8 @@@@
4 6 4 6

@@@@ END @@@@
@@@@ SCENARIO 1027 LEN 8 @@@@
0 8 0 8

@@@@ END @@@@
@@@@ SCENARIO 1028 LEN 8 @@@@
0 0 0 0

@@@@ END @@@@
@@@@ SCENARIO 1029 LEN 8 @@@@
1 4 1 4

@@@@ END @@@@
@@@@ SCENARIO 1030 LEN 12 @@@@
477 4 477 4

@@@@ END @@@@
@@@@ SCENARIO 1031 LEN 8 @@@@
7 0 7 0

@@@@ END @@@@
@@@@ SCENARIO 1032 LEN 8 @@@@
0 0 0 0

@@@@ END @@@@
@@@@ SCENARIO 1033 LEN 8 @@@@
0 3 0 3

@@@@ END @@@@
@@@@ SCENARIO 1034 LEN 8 @@@@
6 2 6 2

@@@@ END @@@@
@@@@ SCENARIO 1035 LEN 8 @@@@
0 0 0 0

@@@@ END @@@@
@@@@ SCENARIO 1036 LEN 8 @@@@
9 8 9 8

@@@@ END @@@@
@@@@ SCENARIO 1037 LEN 8 @@@@
0 0 0 0

@@@@ END @@@@
@@@@ SCENARIO 1038 LEN 8 @@@@
1 2 1 2

@@@@ END @@@@
@@@@ SCENARIO 1039 LEN 8 @@@@
7 7 7 7

@@@@ END @@@@
@@@@ SCENARIO 1040 LEN 8 @@@@
0 5 0 5

@@@@ END @@@@
@@@@ SCENARIO 1041 LEN 8 @@@@
0 7 0 7

@@@@ END @@@@
@@@@ SCENARIO 1042 LEN 10 @@@@
58 4 58 4

@@@@ END @@@@
@@@@ SCENARIO 1043 LEN 8 @@@@
6 6 6 6

@@@@ END @@@@
@@@@ SCENARIO 1044 LEN 8 @@@@
0 8 0 8

@@@@ END @@@@
@@@@ SCENARIO 1045 LEN 8 @@@@
5 0 5 0

@@@@ END @@@@
@@@@ SCENARIO 1046 LEN 8 @@@@
1 2 1 2

@@@@ END @@@@
@@@@ SCENARIO 1047 LEN 12 @@@@
489 3 489 3

@@@@ END @@@@
@@@@ SCENARIO 1048 LEN 12 @@@@
776 4 776 4

@@@@ END @@@@
@@@@ SCENARIO 1049 LEN 8 @@@@
0 7 0 7

@@@@ END @@@@
@@@@ SCENARIO 1050 LEN 28 @@@@
-2 2 18446744073709551614 2

@@@@ END @@@@
@@@@ SCENARIO 1051 LEN 8 @@@@
0 4 0 4

@@@@ END @@@@
@@@@ SCENARIO 1052 LEN 12 @@@@
699 0 699 0

@@@@ END @@@@
@@@@ SCENARIO 1053 LEN 12 @@@@
280 3 280 3

@@@@ END @@@@
@@@@ SCENARIO 1054 LEN 8 @@@@
0 0 0 0

@@@@ END @@@@
@@@@ SCENARIO 1055 LEN 18 @@@@
931198 2 931198 2

@@@@ END @@@@
@@@@ SCENARIO 1056 LEN 8 @@@@
7 6 7 6

@@@@ END @@@@
@@@@ SCENARIO 1057 LEN 8 @@@@
0 8 0 8

@@@@ END @@@@
@@@@ SCENARIO 1058 LEN 8 @@@@
2 8 2 8

@@@@ END @@@@
@@@@ SCENARIO 1059 LEN 8 @@@@
5 5 5 5

@@@@ END @@@@
@@@@ SCENARIO 1060 LEN 8 @@@@
7 4 7 4

@@@@ END @@@@
@@@@ SCENARIO 1061 LEN 10 @@@@
92 2 92 2

@@@@ END @@@@
@@@@ SCENARIO 1062 LEN 8 @@@@
0 1 0 1

@@@@ END @@@@
@@@@ SCENARIO 1063 LEN 8 @@@@
5 0 5 0

@@@@ END @@@@
@@@@ SCENARIO 1064 LEN 8 @@@@
0 0 0 0

@@@@ END @@@@
@@@@ SCENARIO 1065 LEN 10 @@@@
26 4 26 4

@@@@ END @@@@
@@@@ SCENARIO 1066 LEN 8 @@@@
0 1 0 1

@@@@ END @@@@
@@@@ SCENARIO 1067 LEN 8 @@@@
5 1 5 1

@@@@ END @@@@
@@@@ SCENARIO 1068 LEN 8 @@@@
2 6 2 6

@@@@ END @@@@
@@@@ SCENARIO 1069 LEN 8 @@@@
5 2 5 2

@@@@ END @@@@
@@@@ SCENARIO 1070 LEN 12 @@@@
299 0 299 0

@@@@ END @@@@
@@@@ SCENARIO 1071 LEN 8 @@@@
3 0 3 0

@@@@ END @@@@
@@@@ SCENARIO 1072 LEN 10 @@@@
87 7 87 7

@@@@ END @@@@
@@@@ SCENARIO 1073 LEN 16 @@@@
53238 0 53238 0

@@@@ END @@@@
@@@@ SCENARIO 1074 LEN 8 @@@@
0 3 0 3

@@@@ END @@@@
@@@@ SCENARIO 1075 LEN 8 @@@@
0 8 0 8

@@@@ END @@@@
@@@@ SCENARIO 1076 LEN 8 @@@@
0 6 0 6

@@@@ END @@@@
@@@@ SCENARIO 1077 LEN 8 @@@@
2 1 2 1

@@@@ END @@@@
@@@@ SCENARIO 1078 LEN 8 @@@@
7 6 7 6

@@@@ END @@@@
@@@@ SCENARIO 1079 LEN 8 @@@@
0 8 0 8

@@@@ END @@@@
@@@@ SCENARIO 1080 LEN 8 @@@@
6 8 6 8

@@@@ END @@@@
@@@@ SCENARIO 1081 LEN 8 @@@@
0 0 0 0

@@@@ END @@@@
@@@@ SCENARIO 1082 LEN 8 @@@@
0 9 0 9

@@@@ END @@@@
@@@@ SCENARIO 1083 LEN 8 @@@@
7 8 7 8

@@@@ END @@@@
@@@@ SCENARIO 1084 LEN 8 @@@@
0 1 0 1

@@@@ END @@@@
@@@@ SCENARIO 1085 LEN 8 @@@@
3 1 3 1

@@@@ END @@@@
@@@@ SCENARIO 1086 LEN 12 @@@@
646 0 646 0

@@@@ END @@@@
@@@@ SCENARIO 1087 LEN 12 @@@@
516 3 516 3

@@@@ END @@@@
@@@@ SCENARIO 1088 LEN 12 @@@@
956 0 956 0

@@@@ END @@@@
@@@@ SCENARIO 1089 LEN 8 @@@@
0 0 0 0

@@@@ END @@@@
@@@@ SCENARIO 1090 LEN 10 @@@@
92 0 92 0

@@@@ END @@@@
@@@@ SCENARIO 1091 LEN 10 @@@@
11 7 11 7

@@@@ END @@@@
@@@@ SCENARIO 1092 LEN 12 @@@@
858 0 858 0

@@@@ END @@@@
@@@@ SCENARIO 1093 LEN 8 @@@@
0 1 0 1

@@@@ END @@@@
@@@@ SCENARIO 1094 LEN 8 @@@@
0 6 0 6

@@@@ END @@@@
@@@@ SCENARIO 1095 LEN 8 @@@@
0 1 0 1

@@@@ END @@@@
@@@@ SCENARIO 1096 LEN 8 @@@@
8 2 8 2

@@@@ END @@@@
@@@@ SCENARIO 1097 LEN 8 @@@@
5 0 5 0

@@@@ END @@@@
@@@@ SCENARIO 1098 LEN 8 @@@@
0 8 0 8

@@@@ END @@@@
@@@@ SCENARIO 1099 LEN 14 @@@@
2160 0 2160 0

@@@@ END @@@@
@@@@ SCENARIO 1100 LEN 8 @@@@
9 4 9 4

@@@@ END @@@@
@@@@ SCENARIO 1101 LEN 8 @@@@
2 8 2 8

@@@@ END @@@@
@@@@ SCENARIO 1102 LEN 8 @@@@
0 9 0 9

@@@@ END @@@@
@@@@ SCENARIO 1103 LEN 8 @@@@
0 8 0 8

@@@@ END @@@@
@@@@ SCENARIO 1104 LEN 12 @@@@
384 5 384 5

@@@@ END @@@@
@@@@ SCENARIO 1105 LEN 8 @@@@
0 7 0 7

@@@@ END @@@@
@@@@ SCENARIO 1106 LEN 10 @@@@
15 1 15 1

@@@@ END @@@@
@@@@ SCENARIO 1107 LEN 8 @@@@
2 4 2 4

@@@@ END @@@@
@@@@ SCENARIO 1108 LEN 8 @@@@
8 7 8 7

@@@@ END @@@@
@@@@ SCENARIO 1109 LEN 8 @@@@
0 4 0 4

@@@@ END @@@@
@@@@ SCENARIO 1110 LEN 8 @@@@
0 2 0 2

@@@@ END @@@@
@@@@ SCENARIO 1111 LEN 10 @@@@
86 1 86 1

@@@@ END @@@@
@@@@ SCENARIO 1112 LEN 8 @@@@
0 0 0 0

@@@@ END @@@@
@@@@ SCENARIO 1113 LEN 10 @@@@
71 1 71 1

@@@@ END @@@@
@@@@ SCENARIO 1114 LEN 10 @@@@
76 0 76 0

@@@@ END @@@@
@@@@ SCENARIO 1115 LEN 8 @@@@
7 0 7 0

@@@@ END @@@@
@@@@ SCENARIO 1116 LEN 10 @@@@
77 4 77 4

@@@@ END @@@@
@@@@ SCENARIO 1117 LEN 8 @@@@
0 8 0 8

@@@@ END @@@@
@@@@ SCENARIO 1118 LEN 8 @@@@
0 0 0 0

@@@@ END @@@@
@@@@ SCENARIO 1119 LEN 10 @@@@
82 0 82 0

@@@@ END @@@@
@@@@ SCENARIO 1120 LEN 20 @@@@
9595289 2 9595289 2

@@@@ END @@@@
@@@@ SCENARIO 1121 LEN 8 @@@@
0 1 0 1

@@@@ END @@@@
@@@@ SCENARIO 1122 LEN 8 @@@@
0 2 0 2

@@@@ END @@@@
@@@@ SCENARIO 1123 LEN 8 @@@@
0 0 0 0

@@@@ END @@@@
@@@@ SCENARIO 1124 LEN 10 @@@@
78 3 78 3

@@@@ END @@@@
@@@@ SCENARIO 1125 LEN 8 @@@@
5 6 5 6

@@@@ END @@@@
@@@@ SCENARIO 1126 LEN 16 @@@@
24000 0 24000 0

@@@@ END @@@@
@@@@ SCENARIO 1127 LEN 8 @@@@
0 7 0 7

@@@@ END @@@@
@@@@ SCENARIO 1128 LEN 10 @@@@
84 2 84 2

@@@@ END @@@@
@@@@ SCENARIO 1129 LEN 8 @@@@
0 8 0 8

@@@@ END @@@@
@@@@ SCENARIO 1130 LEN 8 @@@@
0 0 0 0

@@@@ END @@@@
@@@@ SCENARIO 1131 LEN 8 @@@@
9 0 9 0

@@@@ END @@@@
@@@@ SCENARIO 1132 LEN 8 @@@@
0 4 0 4

@@@@ END @@@@
@@@@ SCENARIO 1133 LEN 10 @@@@
28 0 28 0

@@@@ END @@@@
@@@@ SCENARIO 1134 LEN 10 @@@@
82 0 82 0

@@@@ END @@@@
@@@@ SCENARIO 1135 LEN 18 @@@@
208425 0 208425 0

@@@@ END @@@@
@@@@ SCENARIO 1136 LEN 8 @@@@
0 5 0 5

@@@@ END @@@@
@@@@ SCENARIO 1137 LEN 8 @@@@
0 0 0 0

@@@@ END @@@@
@@@@ SCENARIO 1138 LEN 8 @@@@
9 5 9 5

@@@@ END @@@@
@@@@ SCENARIO 1139 LEN 10 @@@@
35 0 35 0

@@@@ END @@@@
@@@@ SCENARIO 1140 LEN 8 @@@@
4 2 4 2

@@@@ END @@@@
@@@@ SCENARIO 1141 LEN 8 @@@@
0 5 0 5

@@@@ END @@@@
@@@@ SCENARIO 1142 LEN 8 @@@@
0 4 0 4

@@@@ END @@@@
@@@@ SCENARIO 1143 LEN 8 @@@@
0 1 0 1

@@@@ END @@@@
@@@@ SCENARIO 1144 LEN 8 @@@@
0 2 0 2

@@@@ END @@@@
@@@@ SCENARIO 1145 LEN 8 @@@@
9 5 9 5

@@@@ END @@@@
@@@@ SCENARIO 1146 LEN 8 @@@@
0 9 0 9

@@@@ END @@@@
@@@@ SCENARIO 1147 LEN 8 @@@@
3 6 3 6

@@@@ END @@@@
@@@@ SCENARIO 1148 LEN 8 @@@@
0 4 0 4

@@@@ END @@@@
@@@@ SCENARIO 1149 LEN 8 @@@@
3 4 3 4

@@@@ END @@@@
@@@@ SCENARIO 1150 LEN 10 @@@@
68 2 68 2

@@@@ END @@@@
@@@@ SCENARIO 1151 LEN 8 @@@@
0 2 0 2

@@@@ END @@@@
@@@@ SCENARIO 1152 LEN 8 @@@@
9 8 9 8

@@@@ END @@@@
@@@@ SCENARIO 1153 LEN 8 @@@@
9 8 9 8

@@@@ END @@@@
@@@@ SCENARIO 1154 LEN 8 @@@@
2 6 2 6

@@@@ END @@@@
@@@@ SCENARIO 1155 LEN 8 @@@@
1 1 1 1

@@@@ END @@@@
@@@@ SCENARIO 1156 LEN 8 @@@@
3 1 3 1

@@@@ END @@@@
@@@@ SCENARIO 1157 LEN 8 @@@@
5 7 5 7

@@@@ END @@@@
@@@@ SCENARIO 1158 LEN 16 @@@@
15656 0 15656 0

@@@@ END @@@@
@@@@ SCENARIO 1159 LEN 8 @@@@
0 1 0 1

@@@@ END @@@@
@@@@ SCENARIO 1160 LEN 12 @@@@
724 5 724 5

@@@@ END @@@@
@@@@ SCENARIO 1161 LEN 10 @@@@
35 0 35 0

@@@@ END @@@@
@@@@ SCENARIO 1162 LEN 8 @@@@
0 5 0 5

@@@@ END @@@@
@@@@ SCENARIO 1163 LEN 10 @@@@
63 5 63 5

@@@@ END @@@@
@@@@ SCENARIO 1164 LEN 28 @@@@
-8 4 18446744073709551608 4

@@@@ END @@@@
@@@@ SCENARIO 1165 LEN 16 @@@@
76795 3 76795 3

@@@@ END @@@@
@@@@ SCENARIO 1166 LEN 12 @@@@
157 3 157 3

@@@@ END @@@@
@@@@ SCENARIO 1167 LEN 8 @@@@
6 0 6 0

@@@@ END @@@@
@@@@ SCENARIO 1168 LEN 8 @@@@
0 5 0 5

@@@@ END @@@@
@@@@ SCENARIO 1169 LEN 8 @@@@
0 0 0 0

@@@@ END @@@@
@@@@ SCENARIO 1170 LEN 10 @@@@
77 1 77 1

@@@@ END @@@@
@@@@ SCENARIO 1171 LEN 8 @@@@
7 7 7 7

@@@@ END @@@@
@@@@ SCENARIO 1172 LEN 14 @@@@
6529 3 6529 3

@@@@ END @@@@
@@@@ SCENARIO 1173 LEN 8 @@@@
1 0 1 0

@@@@ END @@@@
@@@@ SCENARIO 1174 LEN 14 @@@@
6669 4 6669 4

@@@@ END @@@@
@@@@ SCENARIO 1175 LEN 12 @@@@
314 0 314 0

@@@@ END @@@@
@@@@ SCENARIO 1176 LEN 16 @@@@
43873 0 43873 0

@@@@ END @@@@
@@@@ SCENARIO 1177 LEN 8 @@@@
7 8 7 8

@@@@ END @@@@
@@@@ SCENARIO 1178 LEN 8 @@@@
6 2 6 2

@@@@ END @@@@
@@@@ SCENARIO 1179 LEN 12 @@@@
805 1 805 1

@@@@ END @@@@
@@@@ SCENARIO 1180 LEN 10 @@@@
61 2 61 2

@@@@ END @@@@
@@@@ SCENARIO 1181 LEN 8 @@@@
1 3 1 3

@@@@ END @@@@
@@@@ SCENARIO 1182 LEN 8 @@@@
0 8 0 8

@@@@ END @@@@
@@@@ SCENARIO 1183 LEN 8 @@@@
2 2 2 2

@@@@ END @@@@
@@@@ SCENARIO 1184 LEN 8 @@@@
4 1 4 1

@@@@ END @@@@
@@@@ SCENARIO 1185 LEN 8 @@@@
0 2 0 2

@@@@ END @@@@
@@@@ SCENARIO 1186 LEN 10 @@@@
54 0 54 0

@@@@ END @@@@
@@@@ SCENARIO 1187 LEN 8 @@@@
8 1 8 1

@@@@ END @@@@
@@@@ SCENARIO 1188 LEN 8 @@@@
0 1 0 1

@@@@ END @@@@
@@@@ SCENARIO 1189 LEN 8 @@@@
7 8 7 8

@@@@ END @@@@
@@@@ SCENARIO 1190 LEN 10 @@@@
22 5 22 5

@@@@ END @@@@
@@@@ SCENARIO 1191 LEN 8 @@@@
0 1 0 1

@@@@ END @@@@
@@@@ SCENARIO 1192 LEN 10 @@@@
21 5 21 5

@@@@ END @@@@
@@@@ SCENARIO 1193 LEN 8 @@@@
0 6 0 6

@@@@ END @@@@
@@@@ SCENARIO 1194 LEN 8 @@@@
2 8 2 8

@@@@ END @@@@
@@@@ SCENARIO 1195 LEN 10 @@@@
14 4 14 4

@@@@ END @@@@
@@@@ SCENARIO 1196 LEN 8 @@@@
0 9 0 9

@@@@ END @@@@
@@@@ SCENARIO 1197 LEN 8 @@@@
4 0 4 0

@@@@ END @@@@
@@@@ SCENARIO 1198 LEN 10 @@@@
57 6 57 6

@@@@ END @@@@
@@@@ SCENARIO 1199 LEN 8 @@@@
0 2 0 2

@@@@ END @@@@
@@@@ SCENARIO 1200 LEN 8 @@@@
0 0 0 0

@@@@ END @@@@
@@@@ SCENARIO 1201 LEN 28 @@@@
-3 6 18446744073709551613 6

@@@@ END @@@@
@@@@ SCENARIO 1202 LEN 8 @@@@
3 3 3 3

@@@@ END @@@@
@@@@ SCENARIO 1203 LEN 8 @@@@
8 0 8 0

@@@@ END @@@@
@@@@ SCENARIO 1204 LEN 8 @@@@
0 8 0 8

@@@@ END @@@@
@@@@ SCENARIO 1205 LEN 8 @@@@
7 7 7 7

@@@@ END @@@@
@@@@ SCENARIO 1206 LEN 8 @@@@
4 8 4 8

@@@@ END @@@@
@@@@ SCENARIO 1207 LEN 10 @@@@
12 0 12 0

@@@@ END @@@@
@@@@ SCENARIO 1208 LEN 8 @@@@
0 7 0 7

@@@@ END @@@@
@@@@ SCENARIO 1209 LEN 10 @@@@
42 5 42 5

@@@@ END @@@@
@@@@ SCENARIO 1210 LEN 8 @@@@
0 0 0 0

@@@@ END @@@@
@@@@ SCENARIO 1211 LEN 10 @@@@
21 3 21 3

@@@@ END @@@@
@@@@ SCENARIO 1212 LEN 18 @@@@
155468 0 155468 0

@@@@ END @@@@
@@@@ SCENARIO 1213 LEN 12 @@@@
754 2 754 2

@@@@ END @@@@
@@@@ SCENARIO 1214 LEN 8 @@@@
4 2 4 2

@@@@ END @@@@
@@@@ SCENARIO 1215 LEN 14 @@@@
3636 2 3636 2

@@@@ END @@@@
@@@@ SCENARIO 1216 LEN 8 @@@@
5 4 5 4

@@@@ END @@@@
@@@@ SCENARIO 1217 LEN 10 @@@@
17 1 17 1

@@@@ END @@@@
@@@@ SCENARIO 1218 LEN 8 @@@@
0 5 0 5

@@@@ END @@@@
@@@@ SCENARIO 1219 LEN 8 @@@@
3 1 3 1

@@@@ END @@@@
@@@@ SCENARIO 1220 LEN 8 @@@@
8 2 8 2

@@@@ END @@@@
@@@@ SCENARIO 1221 LEN 8 @@@@
0 3 0 3

@@@@ END @@@@
@@@@ SCENARIO 1222 LEN 8 @@@@
9 2 9 2

@@@@ END @@@@
@@@@ SCENARIO 1223 LEN 8 @@@@
3 4 3 4

@@@@ END @@@@
@@@@ SCENARIO 1224 LEN 8 @@@@
8 0 8 0

@@@@ END @@@@
@@@@ SCENARIO 1225 LEN 8 @@@@
4 3 4 3

@@@@ END @@@@
@@@@ SCENARIO 1226 LEN 10 @@@@
56 0 56 0

@@@@ END @@@@
@@@@ SCENARIO 1227 LEN 10 @@@@
18 0 18 0

@@@@ END @@@@
@@@@ SCENARIO 1228 LEN 8 @@@@
0 1 0 1

@@@@ END @@@@
@@@@ SCENARIO 1229 LEN 8 @@@@
7 0 7 0

@@@@ END @@@@
@@@@ SCENARIO 1230 LEN 8 @@@@
5 0 5 0

@@@@ END @@@@
@@@@ SCENARIO 1231 LEN 12 @@@@
831 0 831 0

@@@@ END @@@@
@@@@ SCENARIO 1232 LEN 8 @@@@
6 7 6 7

@@@@ END @@@@
@@@@ SCENARIO 1233 LEN 12 @@@@
141 5 141 5

@@@@ END @@@@
@@@@ SCENARIO 1234 LEN 18 @@@@
370172 1 370172 1

@@@@ END @@@@
@@@@ SCENARIO 1235 LEN 8 @@@@
0 2 0 2

@@@@ END @@@@
@@@@ SCENARIO 1236 LEN 10 @@@@
85 7 85 7

@@@@ END @@@@
@@@@ SCENARIO 1237 LEN 8 @@@@
0 6 0 6

@@@@ END @@@@
@@@@ SCENARIO 1238 LEN 8 @@@@
6 4 6 4

@@@@ END @@@@
@@@@ SCENARIO 1239 LEN 8 @@@@
0 0 0 0

@@@@ END @@@@
@@@@ SCENARIO 1240 LEN 12 @@@@
615 1 615 1

@@@@ END @@@@
@@@@ SCENARIO 1241 LEN 12 @@@@
202 2 202 2

@@@@ END @@@@
@@@@ SCENARIO 1242 LEN 8 @@@@
0 0 0 0

@@@@ END @@@@
@@@@ SCENARIO 1243 LEN 8 @@@@
9 2 9 2

@@@@ END @@@@
@@@@ SCENARIO 1244 LEN 8 @@@@
3 0 3 0

@@@@ END @@@@
@@@@ SCENARIO 1245 LEN 10 @@@@
55 0 55 0

@@@@ END @@@@
@@@@ SCENARIO 1246 LEN 14 @@@@
2751 3 2751 3

@@@@ END @@@@
@@@@ SCENARIO 1247 LEN 8 @@@@
0 7 0 7

@@@@ END @@@@
@@@@ SCENARIO 1248 LEN 8 @@@@
0 2 0 2

@@@@ END @@@@
@@@@ SCENARIO 1249 LEN 8 @@@@
9 4 9 4

@@@@ END @@@@
@@@@ SCENARIO 1250 LEN 8 @@@@
0 4 0 4

@@@@ END @@@@
@@@@ SCENARIO 1251 LEN 8 @@@@
2 6 2 6

@@@@ END @@@@
@@@@ SCENARIO 1252 LEN 8 @@@@
0 2 0 2

@@@@ END @@@@
@@@@ SCENARIO 1253 LEN 8 @@@@
2 4 2 4

@@@@ END @@@@
@@@@ SCENARIO 1254 LEN 22 @@@@
74637825 1 74637825 1

@@@@ END @@@@
@@@@ SCENARIO 1255 LEN 10 @@@@
52 1 52 1

@@@@ END @@@@
@@@@ SCENARIO 1256 LEN 14 @@@@
1065 5 1065 5

@@@@ END @@@@
@@@@ SCENARIO 1257 LEN 8 @@@@
0 1 0 1

@@@@ END @@@@
@@@@ SCENARIO 1258 LEN 8 @@@@
0 0 0 0

@@@@ END @@@@
@@@@ SCENARIO 1259 LEN 8 @@@@
0 0 0 0

@@@@ END @@@@
@@@@ SCENARIO 1260 LEN 8 @@@@
9 3 9 3

@@@@ END @@@@
@@@@ SCENARIO 1261 LEN 10 @@@@
60 0 60 0

@@@@ END @@@@
@@@@ SCENARIO 1262 LEN 8 @@@@
0 1 0 1

@@@@ END @@@@
@@@@ SCENARIO 1263 LEN 8 @@@@
0 0 0 0

@@@@ END @@@@
@@@@ SCENARIO 1264 LEN 8 @@@@
0 5 0 5

@@@@ END @@@@
@@@@ SCENARIO 1265 LEN 8 @@@@
0 4 0 4

@@@@ END @@@@
@@@@ SCENARIO 1266 LEN 8 @@@@
0 9 0 9

@@@@ END @@@@
@@@@ SCENARIO 1267 LEN 8 @@@@
9 2 9 2

@@@@ END @@@@
@@@@ SCENARIO 1268 LEN 12 @@@@
609 2 609 2

@@@@ END @@@@
@@@@ SCENARIO 1269 LEN 8 @@@@
0 4 0 4

@@@@ END @@@@
@@@@ SCENARIO 1270 LEN 14 @@@@
9802 3 9802 3

@@@@ END @@@@
@@@@ SCENARIO 1271 LEN 8 @@@@
1 0 1 0

@@@@ END @@@@
@@@@ SCENARIO 1272 LEN 16 @@@@
92470 1 92470 1

@@@@ END @@@@
@@@@ SCENARIO 1273 LEN 8 @@@@
1 2 1 2

@@@@ END @@@@
@@@@ SCENARIO 1274 LEN 8 @@@@
0 7 0 7

@@@@ END @@@@
@@@@ SCENARIO 1275 LEN 8 @@@@
5 0 5 0

@@@@ END @@@@
@@@@ SCENARIO 1276 LEN 12 @@@@
759 5 759 5

@@@@ END @@@@
@@@@ SCENARIO 1277 LEN 8 @@@@
0 0 0 0

@@@@ END @@@@
@@@@ SCENARIO 1278 LEN 32 @@@@
-54557 0 18446744073709497059 0

@@@@ END @@@@
@@@@ SCENARIO 1279 LEN 28 @@@@
-7 2 18446744073709551609 2

@@@@ END @@@@
@@@@ SCENARIO 1280 LEN 12 @@@@
177 1 177 1

@@@@ END @@@@
@@@@ SCENARIO 1281 LEN 8 @@@@
1 0 1 0

@@@@ END @@@@
@@@@ SCENARIO 1282 LEN 8 @@@@
2 3 2 3

@@@@ END @@@@
@@@@ SCENARIO 1283 LEN 8 @@@@
0 6 0 6

@@@@ END @@@@
@@@@ SCENARIO 1284 LEN 8 @@@@
0 9 0 9

@@@@ END @@@@
@@@@ SCENARIO 1285 LEN 12 @@@@
387 4 387 4

@@@@ END @@@@
@@@@ SCENARIO 1286 LEN 8 @@@@
3 8 3 8

@@@@ END @@@@
@@@@ SCENARIO 1287 LEN 8 @@@@
7 5 7 5

@@@@ END @@@@
@@@@ SCENARIO 1288 LEN 10 @@@@
58 0 58 0

@@@@ END @@@@
@@@@ SCENARIO 1289 LEN 14 @@@@
3326 0 3326 0

@@@@ END @@@@
@@@@ SCENARIO 1290 LEN 12 @@@@
489 4 489 4

@@@@ END @@@@
@@@@ SCENARIO 1291 LEN 8 @@@@
7 3 7 3

@@@@ END @@@@
@@@@ SCENARIO 1292 LEN 8 @@@@
0 7 0 7

@@@@ END @@@@
@@@@ SCENARIO 1293 LEN 10 @@@@
83 2 83 2

@@@@ END @@@@
@@@@ SCENARIO 1294 LEN 12 @@@@
444 4 444 4

@@@@ END @@@@
@@@@ SCENARIO 1295 LEN 8 @@@@
0 9 0 9

@@@@ END @@@@
@@@@ SCENARIO 1296 LEN 16 @@@@
30924 4 30924 4

@@@@ END @@@@
@@@@ SCENARIO 1297 LEN 10 @@@@
68 0 68 0

@@@@ END @@@@
@@@@ SCENARIO 1298 LEN 8 @@@@
2 3 2 3

@@@@ END @@@@
@@@@ SCENARIO 1299 LEN 8 @@@@
0 6 0 6

@@@@ END @@@@
@@@@ SCENARIO 1300 LEN 8 @@@@
4 5 4 5

@@@@ END @@@@
@@@@ SCENARIO 1301 LEN 28 @@@@
-4 2 18446744073709551612 2

@@@@ END @@@@
@@@@ SCENARIO 1302 LEN 8 @@@@
3 6 3 6

@@@@ END @@@@
@@@@ SCENARIO 1303 LEN 10 @@@@
94 2 94 2

@@@@ END @@@@
@@@@ SCENARIO 1304 LEN 8 @@@@
0 7 0 7

@@@@ END @@@@
@@@@ SCENARIO 1305 LEN 12 @@@@
259 4 259 4

@@@@ END @@@@
@@@@ SCENARIO 1306 LEN 10 @@@@
33 3 33 3

@@@@ END @@@@
@@@@ SCENARIO 1307 LEN 8 @@@@
0 1 0 1

@@@@ END @@@@
@@@@ SCENARIO 1308 LEN 8 @@@@
0 9 0 9

@@@@ END @@@@
@@@@ SCENARIO 1309 LEN 8 @@@@
6 0 6 0

@@@@ END @@@@
@@@@ SCENARIO 1310 LEN 8 @@@@
5 6 5 6

@@@@ END @@@@
@@@@ SCENARIO 1311 LEN 14 @@@@
5624 1 5624 1

@@@@ END @@@@
@@@@ SCENARIO 1312 LEN 10 @@@@
41 0 41 0

@@@@ END @@@@
@@@@ SCENARIO 1313 LEN 8 @@@@
3 2 3 2

@@@@ END @@@@
@@@@ SCENARIO 1314 LEN 8 @@@@
0 4 0 4

@@@@ END @@@@
@@@@ SCENARIO 1315 LEN 8 @@@@
0 6 0 6

@@@@ END @@@@
@@@@ SCENARIO 1316 LEN 8 @@@@
0 0 0 0

@@@@ END @@@@
@@@@ SCENARIO 1317 LEN 12 @@@@
127 1 127 1

@@@@ END @@@@
@@@@ SCENARIO 1318 LEN 8 @@@@
8 1 8 1

@@@@ END @@@@
@@@@ SCENARIO 1319 LEN 8 @@@@
0 9 0 9

@@@@ END @@@@
@@@@ SCENARIO 1320 LEN 8 @@@@
1 0 1 0

@@@@ END @@@@
@@@@ SCENARIO 1321 LEN 8 @@@@
0 1 0 1

@@@@ END @@@@
@@@@ SCENARIO 1322 LEN 8 @@@@
0 4 0 4

@@@@ END @@@@
@@@@ SCENARIO 1323 LEN 8 @@@@
0 5 0 5

@@@@ END @@@@
@@@@ SCENARIO 1324 LEN 8 @@@@
0 0 0 0

@@@@ END @@@@
@@@@ SCENARIO 1325 LEN 8 @@@@
0 0 0 0

@@@@ END @@@@
@@@@ SCENARIO 1326 LEN 10 @@@@
26 0 26 0

@@@@ END @@@@
@@@@ SCENARIO 1327 LEN 10 @@@@
78 1 78 1

@@@@ END @@@@
@@@@ SCENARIO 1328 LEN 8 @@@@
7 5 7 5

@@@@ END @@@@
@@@@ SCENARIO 1329 LEN 8 @@@@
5 0 5 0

@@@@ END @@@@
@@@@ SCENARIO 1330 LEN 8 @@@@
0 7 0 7

@@@@ END @@@@
@@@@ SCENARIO 1331 LEN 8 @@@@
2 2 2 2

@@@@ END @@@@
@@@@ SCENARIO 1332 LEN 8 @@@@
0 7 0 7

@@@@ END @@@@
@@@@ SCENARIO 1333 LEN 12 @@@@
159 4 159 4

@@@@ END @@@@
@@@@ SCENARIO 1334 LEN 10 @@@@
46 6 46 6

@@@@ END @@@@
@@@@ SCENARIO 1335 LEN 8 @@@@
1 2 1 2

@@@@ END @@@@
@@@@ SCENARIO 1336 LEN 8 @@@@
0 7 0 7

@@@@ END @@@@
@@@@ SCENARIO 1337 LEN 12 @@@@
248 3 248 3

@@@@ END @@@@
@@@@ SCENARIO 1338 LEN 8 @@@@
0 7 0 7

@@@@ END @@@@
@@@@ SCENARIO 1339 LEN 12 @@@@
475 2 475 2

@@@@ END @@@@
@@@@ SCENARIO 1340 LEN 8 @@@@
0 2 0 2

@@@@ END @@@@
@@@@ SCENARIO 1341 LEN 10 @@@@
86 4 86 4

@@@@ END @@@@
@@@@ SCENARIO 1342 LEN 8 @@@@
0 0 0 0

@@@@ END @@@@
@@@@ SCENARIO 1343 LEN 8 @@@@
0 8 0 8

@@@@ END @@@@
@@@@ SCENARIO 1344 LEN 8 @@@@
4 0 4 0

@@@@ END @@@@
@@@@ SCENARIO 1345 LEN 8 @@@@
0 9 0 9

@@@@ END @@@@
@@@@ SCENARIO 1346 LEN 8 @@@@
0 4 0 4

@@@@ END @@@@
@@@@ SCENARIO 1347 LEN 8 @@@@
0 0 0 0

@@@@ END @@@@
@@@@ SCENARIO 1348 LEN 8 @@@@
0 7 0 7

@@@@ END @@@@
@@@@ SCENARIO 1349 LEN 12 @@@@
891 2 891 2

@@@@ END @@@@
@@@@ SCENARIO 1350 LEN 8 @@@@
7 1 7 1

@@@@ END @@@@
@@@@ SCENARIO 1351 LEN 8 @@@@
1 3 1 3

@@@@ END @@@@
@@@@ SCENARIO 1352 LEN 8 @@@@
0 0 0 0

@@@@ END @@@@
@@@@ SCENARIO 1353 LEN 12 @@@@
653 4 653 4

@@@@ END @@@@
@@@@ SCENARIO 1354 LEN 8 @@@@
0 9 0 9

@@@@ END @@@@
@@@@ SCENARIO 1355 LEN 16 @@@@
61163 2 61163 2

@@@@ END @@@@
@@@@ SCENARIO 1356 LEN 8 @@@@
3 0 3 0

@@@@ END @@@@
@@@@ SCENARIO 1357 LEN 12 @@@@
952 0 952 0

@@@@ END @@@@
@@@@ SCENARIO 1358 LEN 10 @@@@
84 6 84 6

@@@@ END @@@@
@@@@ SCENARIO 1359 LEN 10 @@@@
20 4 20 4

@@@@ END @@@@
@@@@ SCENARIO 1360 LEN 8 @@@@
9 0 9 0

@@@@ END @@@@
@@@@ SCENARIO 1361 LEN 10 @@@@
89 0 89 0

@@@@ END @@@@
@@@@ SCENARIO 1362 LEN 10 @@@@
26 4 26 4

@@@@ END @@@@
@@@@ SCENARIO 1363 LEN 8 @@@@
0 1 0 1

@@@@ END @@@@
@@@@ SCENARIO 1364 LEN 8 @@@@
0 4 0 4

@@@@ END @@@@
@@@@ SCENARIO 1365 LEN 8 @@@@
0 5 0 5

@@@@ END @@@@
@@@@ SCENARIO 1366 LEN 8 @@@@
0 0 0 0

@@@@ END @@@@
@@@@ SCENARIO 1367 LEN 8 @@@@
0 0 0 0

@@@@ END @@@@
@@@@ SCENARIO 1368 LEN 8 @@@@
3 4 3 4

@@@@ END @@@@
@@@@ SCENARIO 1369 LEN 8 @@@@
6 3 6 3

@@@@ END @@@@
@@@@ SCENARIO 1370 LEN 8 @@@@
5 5 5 5

@@@@ END @@@@
@@@@ SCENARIO 1371 LEN 8 @@@@
0 4 0 4

@@@@ END @@@@
@@@@ SCENARIO 1372 LEN 14 @@@@
3617 1 3617 1

@@@@ END @@@@
@@@@ SCENARIO 1373 LEN 8 @@@@
0 7 0 7

@@@@ END @@@@
@@@@ SCENARIO 1374 LEN 10 @@@@
94 3 94 3

@@@@ END @@@@
@@@@ SCENARIO 1375 LEN 8 @@@@
0 7 0 7

@@@@ END @@@@
@@@@ SCENARIO 1376 LEN 8 @@@@
0 1 0 1

@@@@ END @@@@
@@@@ SCENARIO 1377 LEN 10 @@@@
73 0 73 0

@@@@ END @@@@
@@@@ SCENARIO 1378 LEN 12 @@@@
152 2 152 2

@@@@ END @@@@
@@@@ SCENARIO 1379 LEN 8 @@@@
6 3 6 3

@@@@ END @@@@
@@@@ SCENARIO 1380 LEN 8 @@@@
1 5 1 5

@@@@ END @@@@
@@@@ SCENARIO 1381 LEN 8 @@@@
1 1 1 1

@@@@ END @@@@
@@@@ SCENARIO 1382 LEN 8 @@@@
9 5 9 5

@@@@ END @@@@
@@@@ SCENARIO 1383 LEN 8 @@@@
7 1 7 1

@@@@ END @@@@
@@@@ SCENARIO 1384 LEN 12 @@@@
739 4 739 4

@@@@ END @@@@
@@@@ SCENARIO 1385 LEN 8 @@@@
0 7 0 7

@@@@ END @@@@
@@@@ SCENARIO 1386 LEN 8 @@@@
0 9 0 9

@@@@ END @@@@
@@@@ SCENARIO 1387 LEN 8 @@@@
6 0 6 0

@@@@ END @@@@
@@@@ SCENARIO 1388 LEN 8 @@@@
5 0 5 0

@@@@ END @@@@
@@@@ SCENARIO 1389 LEN 8 @@@@
0 3 0 3

@@@@ END @@@@
@@@@ SCENARIO 1390 LEN 8 @@@@
5 4 5 4

@@@@ END @@@@
@@@@ SCENARIO 1391 LEN 8 @@@@
9 2 9 2

@@@@ END @@@@
@@@@ SCENARIO 1392 LEN 8 @@@@
1 8 1 8

@@@@ END @@@@
@@@@ SCENARIO 1393 LEN 8 @@@@
6 5 6 5

@@@@ END @@@@
@@@@ SCENARIO 1394 LEN 8 @@@@
0 0 0 0

@@@@ END @@@@
@@@@ SCENARIO 1395 LEN 8 @@@@
8 2 8 2

@@@@ END @@@@
@@@@ SCENARIO 1396 LEN 10 @@@@
43 1 43 1

@@@@ END @@@@
@@@@ SCENARIO 1397 LEN 8 @@@@
0 1 0 1

@@@@ END @@@@
@@@@ SCENARIO 1398 LEN 8 @@@@
8 7 8 7

@@@@ END @@@@
@@@@ SCENARIO 1399 LEN 16 @@@@
48151 2 48151 2

@@@@ END @@@@
@@@@ SCENARIO 1400 LEN 8 @@@@
6 0 6 0

@@@@ END @@@@
@@@@ SCENARIO 1401 LEN 29 @@@@
-50 0 18446744073709551566 0

@@@@ END @@@@
@@@@ SCENARIO 1402 LEN 12 @@@@
846 0 846 0

@@@@ END @@@@
@@@@ SCENARIO 1403 LEN 8 @@@@
0 1 0 1

@@@@ END @@@@
@@@@ SCENARIO 1404 LEN 10 @@@@
82 0 82 0

@@@@ END @@@@
@@@@ SCENARIO 1405 LEN 8 @@@@
0 8 0 8

@@@@ END @@@@
@@@@ SCENARIO 1406 LEN 8 @@@@
1 5 1 5

@@@@ END @@@@
@@@@ SCENARIO 1407 LEN 10 @@@@
29 1 29 1

@@@@ END @@@@
@@@@ SCENARIO 1408 LEN 14 @@@@
9986 3 9986 3

@@@@ END @@@@
@@@@ SCENARIO 1409 LEN 8 @@@@
0 5 0 5

@@@@ END @@@@
@@@@ SCENARIO 1410 LEN 8 @@@@
0 1 0 1

@@@@ END @@@@
@@@@ SCENARIO 1411 LEN 8 @@@@
0 9 0 9

@@@@ END @@@@
@@@@ SCENARIO 1412 LEN 10 @@@@
74 6 74 6

@@@@ END @@@@
@@@@ SCENARIO 1413 LEN 12 @@@@
132 2 132 2

@@@@ END @@@@
@@@@ SCENARIO 1414 LEN 8 @@@@
6 2 6 2

@@@@ END @@@@
@@@@ SCENARIO 1415 LEN 8 @@@@
5 4 5 4

@@@@ END @@@@
@@@@ SCENARIO 1416 LEN 8 @@@@
0 4 0 4

@@@@ END @@@@
@@@@ SCENARIO 1417 LEN 10 @@@@
91 2 91 2

@@@@ END @@@@
@@@@ SCENARIO 1418 LEN 8 @@@@
0 0 0 0

@@@@ END @@@@
@@@@ SCENARIO 1419 LEN 8 @@@@
0 5 0 5

@@@@ END @@@@
@@@@ SCENARIO 1420 LEN 10 @@@@
40 3 40 3

@@@@ END @@@@
@@@@ SCENARIO 1421 LEN 10 @@@@
24 7 24 7

@@@@ END @@@@
@@@@ SCENARIO 1422 LEN 12 @@@@
370 2 370 2

@@@@ END @@@@
@@@@ SCENARIO 1423 LEN 24 @@@@
694184303 0 694184303 0

@@@@ END @@@@
@@@@ SCENARIO 1424 LEN 8 @@@@
4 1 4 1

@@@@ END @@@@
@@@@ SCENARIO 1425 LEN 10 @@@@
97 7 97 7

@@@@ END @@@@
@@@@ SCENARIO 1426 LEN 8 @@@@
3 2 3 2

@@@@ END @@@@
@@@@ SCENARIO 1427 LEN 10 @@@@
17 2 17 2

@@@@ END @@@@
@@@@ SCENARIO 1428 LEN 8 @@@@
7 2 7 2

@@@@ END @@@@
@@@@ SCENARIO 1429 LEN 8 @@@@
0 2 0 2

@@@@ END @@@@
@@@@ SCENARIO 1430 LEN 10 @@@@
14 0 14 0

@@@@ END @@@@
@@@@ SCENARIO 1431 LEN 8 @@@@
0 1 0 1

@@@@ END @@@@
@@@@ SCENARIO 1432 LEN 8 @@@@
6 8 6 8

@@@@ END @@@@
@@@@ SCENARIO 1433 LEN 8 @@@@
7 5 7 5

@@@@ END @@@@
@@@@ SCENARIO 1434 LEN 8 @@@@
0 7 0 7

@@@@ END @@@@
@@@@ SCENARIO 1435 LEN 8 @@@@
0 1 0 1

@@@@ END @@@@
@@@@ SCENARIO 1436 LEN 8 @@@@
1 5 1 5

@@@@ END @@@@
@@@@ SCENARIO 1437 LEN 8 @@@@
4 0 4 0

@@@@ END @@@@
@@@@ SCENARIO 1438 LEN 8 @@@@
0 1 0 1

@@@@ END @@@@
@@@@ SCENARIO 1439 LEN 10 @@@@
50 2 50 2

@@@@ END @@@@
@@@@ SCENARIO 1440 LEN 8 @@@@
0 1 0 1

@@@@ END @@@@
@@@@ SCENARIO 1441 LEN 8 @@@@
0 0 0 0

@@@@ END @@@@
@@@@ SCENARIO 1442 LEN 8 @@@@
0 0 0 0

@@@@ END @@@@
@@@@ SCENARIO 1443 LEN 10 @@@@
49 6 49 6

@@@@ END @@@@
@@@@ SCENARIO 1444 LEN 8 @@@@
0 0 0 0

@@@@ END @@@@
@@@@ SCENARIO 1445 LEN 8 @@@@
7 8 7 8

@@@@ END @@@@
@@@@ SCENARIO 1446 LEN 8 @@@@
7 7 7 7

@@@@ END @@@@
@@@@ SCENARIO 1447 LEN 8 @@@@
0 5 0 5

@@@@ END @@@@
@@@@ SCENARIO 1448 LEN 8 @@@@
5 1 5 1

@@@@ END @@@@
@@@@ SCENARIO 1449 LEN 8 @@@@
0 2 0 2

@@@@ END @@@@
@@@@ SCENARIO 1450 LEN 8 @@@@
2 0 2 0

@@@@ END @@@@
@@@@ SCENARIO 1451 LEN 8 @@@@
0 5 0 5

@@@@ END @@@@
@@@@ SCENARIO 1452 LEN 8 @@@@
5 4 5 4

@@@@ END @@@@
@@@@ SCENARIO 1453 LEN 10 @@@@
59 4 59 4

@@@@ END @@@@
@@@@ SCENARIO 1454 LEN 8 @@@@
3 6 3 6

@@@@ END @@@@
@@@@ SCENARIO 1455 LEN 8 @@@@
4 0 4 0

@@@@ END @@@@
@@@@ SCENARIO 1456 LEN 8 @@@@
7 2 7 2

@@@@ END @@@@
@@@@ SCENARIO 1457 LEN 10 @@@@
34 5 34 5

@@@@ END @@@@
@@@@ SCENARIO 1458 LEN 8 @@@@
0 0 0 0

@@@@ END @@@@
@@@@ SCENARIO 1459 LEN 8 @@@@
0 9 0 9

@@@@ END @@@@
@@@@ SCENARIO 1460 LEN 8 @@@@
3 0 3 0

@@@@ END @@@@
@@@@ SCENARIO 1461 LEN 12 @@@@
169 0 169 0

@@@@ END @@@@
@@@@ SCENARIO 1462 LEN 8 @@@@
0 1 0 1

@@@@ END @@@@
@@@@ SCENARIO 1463 LEN 8 @@@@
0 0 0 0

@@@@ END @@@@
@@@@ SCENARIO 1464 LEN 8 @@@@
0 0 0 0

@@@@ END @@@@
@@@@ SCENARIO 1465 LEN 28 @@@@
-3 1 18446744073709551613 1

@@@@ END @@@@
@@@@ SCENARIO 1466 LEN 8 @@@@
0 0 0 0

@@@@ END @@@@
@@@@ SCENARIO 1467 LEN 14 @@@@
8160 4 8160 4

@@@@ END @@@@
@@@@ SCENARIO 1468 LEN 8 @@@@
5 8 5 8

@@@@ END @@@@
@@@@ SCENARIO 1469 LEN 8 @@@@
0 1 0 1

@@@@ END @@@@
@@@@ SCENARIO 1470 LEN 8 @@@@
0 3 0 3

@@@@ END @@@@
@@@@ SCENARIO 1471 LEN 10 @@@@
54 4 54 4

@@@@ END @@@@
@@@@ SCENARIO 1472 LEN 8 @@@@
3 2 3 2

@@@@ END @@@@
@@@@ SCENARIO 1473 LEN 10 @@@@
90 1 90 1

@@@@ END @@@@
@@@@ SCENARIO 1474 LEN 8 @@@@
0 9 0 9

@@@@ END @@@@
@@@@ SCENARIO 1475 LEN 8 @@@@
0 9 0 9

@@@@ END @@@@
@@@@ SCENARIO 1476 LEN 8 @@@@
0 0 0 0

@@@@ END @@@@
@@@@ SCENARIO 1477 LEN 8 @@@@
0 4 0 4

@@@@ END @@@@
@@@@ SCENARIO 1478 LEN 8 @@@@
0 9 0 9

@@@@ END @@@@
@@@@ SCENARIO 1479 LEN 12 @@@@
664 2 664 2

@@@@ END @@@@
@@@@ SCENARIO 1480 LEN 8 @@@@
0 5 0 5

@@@@ END @@@@
@@@@ SCENARIO 1481 LEN 8 @@@@
0 8 0 8

@@@@ END @@@@
@@@@ SCENARIO 1482 LEN 14 @@@@
7717 0 7717 0

@@@@ END @@@@
@@@@ SCENARIO 1483 LEN 8 @@@@
2 0 2 0

@@@@ END @@@@
@@@@ SCENARIO 1484 LEN 10 @@@@
70 0 70 0

@@@@ END @@@@
@@@@ SCENARIO 1485 LEN 8 @@@@
0 3 0 3

@@@@ END @@@@
@@@@ SCENARIO 1486 LEN 8 @@@@
0 5 0 5

@@@@ END @@@@
@@@@ SCENARIO 1487 LEN 16 @@@@
89060 3 89060 3

@@@@ END @@@@
@@@@ SCENARIO 1488 LEN 8 @@@@
0 3 0 3

@@@@ END @@@@
@@@@ SCENARIO 1489 LEN 16 @@@@
29475 1 29475 1

@@@@ END @@@@
@@@@ SCENARIO 1490 LEN 8 @@@@
0 7 0 7

@@@@ END @@@@
@@@@ SCENARIO 1491 LEN 8 @@@@
6 1 6 1

@@@@ END @@@@
@@@@ SCENARIO 1492 LEN 8 @@@@
0 9 0 9

@@@@ END @@@@
@@@@ SCENARIO 1493 LEN 8 @@@@
9 6 9 6

@@@@ END @@@@
@@@@ SCENARIO 1494 LEN 8 @@@@
9 1 9 1

@@@@ END @@@@
@@@@ SCENARIO 1495 LEN 10 @@@@
30 1 30 1

@@@@ END @@@@
@@@@ SCENARIO 1496 LEN 8 @@@@
0 8 0 8

@@@@ END @@@@
@@@@ SCENARIO 1497 LEN 8 @@@@
1 1 1 1

@@@@ END @@@@
@@@@ SCENARIO 1498 LEN 14 @@@@
1205 5 1205 5

@@@@ END @@@@
@@@@ SCENARIO 1499 LEN 10 @@@@
50 6 50 6

@@@@ END @@@@
@@@@ SCENARIO 1500 LEN 8 @@@@
0 9 0 9

@@@@ END @@@@
@@@@ SCENARIO 1501 LEN 10 @@@@
35 0 35 0

@@@@ END @@@@
@@@@ SCENARIO 1502 LEN 14 @@@@
4561 4 4561 4

@@@@ END @@@@
@@@@ SCENARIO 1503 LEN 8 @@@@
5 8 5 8

@@@@ END @@@@
@@@@ SCENARIO 1504 LEN 8 @@@@
0 0 0 0

@@@@ END @@@@
@@@@ SCENARIO 1505 LEN 8 @@@@
0 3 0 3

@@@@ END @@@@
@@@@ SCENARIO 1506 LEN 8 @@@@
0 0 0 0

@@@@ END @@@@
@@@@ SCENARIO 1507 LEN 8 @@@@
4 2 4 2

@@@@ END @@@@
@@@@ SCENARIO 1508 LEN 8 @@@@
6 7 6 7

@@@@ END @@@@
@@@@ SCENARIO 1509 LEN 10 @@@@
36 5 36 5

@@@@ END @@@@
@@@@ SCENARIO 1510 LEN 8 @@@@
6 5 6 5

@@@@ END @@@@
@@@@ SCENARIO 1511 LEN 8 @@@@
9 4 9 4

@@@@ END @@@@
@@@@ SCENARIO 1512 LEN 8 @@@@
3 1 3 1

@@@@ END @@@@
@@@@ SCENARIO 1513 LEN 10 @@@@
51 0 51 0

@@@@ END @@@@
@@@@ SCENARIO 1514 LEN 8 @@@@
0 1 0 1

@@@@ END @@@@
@@@@ SCENARIO 1515 LEN 8 @@@@
0 8 0 8

@@@@ END @@@@
@@@@ SCENARIO 1516 LEN 10 @@@@
44 0 44 0

@@@@ END @@@@
@@@@ SCENARIO 1517 LEN 10 @@@@
90 2 90 2

@@@@ END @@@@
@@@@ SCENARIO 1518 LEN 14 @@@@
7847 0 7847 0

@@@@ END @@@@
@@@@ SCENARIO 1519 LEN 10 @@@@
82 0 82 0

@@@@ END @@@@
@@@@ SCENARIO 1520 LEN 8 @@@@
1 0 1 0

@@@@ END @@@@
@@@@ SCENARIO 1521 LEN 8 @@@@
8 8 8 8

@@@@ END @@@@
@@@@ SCENARIO 1522 LEN 8 @@@@
0 2 0 2

@@@@ END @@@@
@@@@ SCENARIO 1523 LEN 12 @@@@
236 0 236 0

@@@@ END @@@@
@@@@ SCENARIO 1524 LEN 8 @@@@
0 2 0 2

@@@@ END @@@@
@@@@ SCENARIO 1525 LEN 8 @@@@
7 8 7 8

@@@@ END @@@@
@@@@ SCENARIO 1526 LEN 8 @@@@
0 6 0 6

@@@@ END @@@@
@@@@ SCENARIO 1527 LEN 8 @@@@
0 0 0 0

@@@@ END @@@@
@@@@ SCENARIO 1528 LEN 8 @@@@
3 3 3 3

@@@@ END @@@@
@@@@ SCENARIO 1529 LEN 8 @@@@
0 0 0 0

@@@@ END @@@@
@@@@ SCENARIO 1530 LEN 8 @@@@
7 8 7 8

@@@@ END @@@@
@@@@ SCENARIO 1531 LEN 12 @@@@
409 0 409 0

@@@@ END @@@@
@@@@ SCENARIO 1532 LEN 8 @@@@
3 6 3 6

@@@@ END @@@@
@@@@ SCENARIO 1533 LEN 8 @@@@
0 1 0 1

@@@@ END @@@@
@@@@ SCENARIO 1534 LEN 8 @@@@
0 3 0 3

@@@@ END @@@@
@@@@ SCENARIO 1535 LEN 8 @@@@
0 3 0 3

@@@@ END @@@@
@@@@ SCENARIO 1536 LEN 12 @@@@
934 0 934 0

@@@@ END @@@@
@@@@ SCENARIO 1537 LEN 8 @@@@
0 5 0 5

@@@@ END @@@@
@@@@ SCENARIO 1538 LEN 12 @@@@
590 4 590 4

@@@@ END @@@@
@@@@ SCENARIO 1539 LEN 8 @@@@
0 0 0 0

@@@@ END @@@@
@@@@ SCENARIO 1540 LEN 8 @@@@
0 2 0 2

@@@@ END @@@@
@@@@ SCENARIO 1541 LEN 8 @@@@
9 0 9 0

@@@@ END @@@@
@@@@ SCENARIO 1542 LEN 10 @@@@
79 0 79 0

@@@@ END @@@@
